ARM Linker, 5.03 [Build 24] [MDK-ARM Lite]

==============================================================================

Section Cross References

    startup.o(STACK) refers (Special) to heapauxi.o(.text) for __use_two_region_memory
    startup.o(HEAP) refers (Special) to heapauxi.o(.text) for __use_two_region_memory
    startup.o(RESET) refers (Special) to heapauxi.o(.text) for __use_two_region_memory
    startup.o(RESET) refers to startup.o(STACK) for StackMem
    startup.o(RESET) refers to sonrobot.o(.text) for IntGPIOA
    startup.o(RESET) refers to __main.o(!!!main) for __main
    startup.o(.text) refers (Special) to heapauxi.o(.text) for __use_two_region_memory
    startup.o(.text) refers to startup.o(HEAP) for HeapMem
    startup.o(.text) refers to startup.o(STACK) for StackMem
    sonrobot.o(.text) refers to gpio.o(.text) for GPIOPinIntStatus
    sonrobot.o(.text) refers to timer.o(.text) for TimerMatchSet
    sonrobot.o(.text) refers to dflt_clz.o(x$fpl$dfltu) for __aeabi_ui2d
    sonrobot.o(.text) refers to dmul.o(x$fpl$dmul) for __aeabi_dmul
    sonrobot.o(.text) refers to dfixu.o(x$fpl$dfixu) for __aeabi_d2uiz
    sonrobot.o(.text) refers to uartstdio.o(.text) for UARTprintf
    sonrobot.o(.text) refers to sonrobot.o(.data) for run1
    sonrobot.o(.text) refers to adc.o(.text) for ADCProcessorTrigger
    sonrobot.o(.text) refers to sysctl.o(.emb_text) for SysCtlDelay
    sonrobot.o(.text) refers to sysctl.o(.text) for SysCtlClockSet
    sonrobot.o(.text) refers to interrupt.o(.text) for IntEnable
    sonrobot.o(.text) refers to sonrobot.o(.bss) for ulADC0_Value
    sonrobot.o(.text) refers to uart.o(.text) for UARTConfigSetExpClk
    adc.o(.text) refers to interrupt.o(.text) for IntRegister
    adc.o(.text) refers to adc.o(.data) for g_pucOversampleFactor
    can.o(.text) refers to interrupt.o(.text) for IntDisable
    can.o(.text) refers to can.o(.constdata) for g_usCANBitValues
    comp.o(.text) refers to interrupt.o(.text) for IntRegister
    eeprom.o(.text) refers to sysctl.o(.emb_text) for SysCtlDelay
    eeprom.o(.text) refers to sysctl.o(.text) for SysCtlPeripheralReset
    epi.o(.text) refers to interrupt.o(.text) for IntRegister
    ethernet.o(.text) refers to interrupt.o(.text) for IntRegister
    fan.o(.text) refers to interrupt.o(.text) for IntRegister
    flash.o(.text) refers to interrupt.o(.text) for IntRegister
    flash.o(.text) refers to flash.o(.constdata) for g_pulFMPRERegs
    gpio.o(.text) refers to interrupt.o(.text) for IntRegister
    gpio.o(.text) refers to gpio.o(.constdata) for g_pulGPIOBaseAddrs
    hibernate.o(.text) refers to sysctl.o(.emb_text) for SysCtlDelay
    hibernate.o(.text) refers to interrupt.o(.text) for IntRegister
    hibernate.o(.text) refers to hibernate.o(.data) for g_ulWriteDelay
    i2c.o(.text) refers to interrupt.o(.text) for IntRegister
    i2c.o(.text) refers to i2c.o(.constdata) for g_ppulI2CIntMap
    i2s.o(.text) refers to interrupt.o(.text) for IntRegister
    interrupt.o(.text) refers to cpu.o(.emb_text) for CPUcpsie
    interrupt.o(.text) refers to interrupt.o(vtable) for g_pfnRAMVectors
    interrupt.o(.text) refers to interrupt.o(.constdata) for g_pulPriority
    lpc.o(.text) refers to interrupt.o(.text) for IntRegister
    mpu.o(.text) refers to interrupt.o(.text) for IntRegister
    peci.o(.text) refers to interrupt.o(.text) for IntRegister
    pwm.o(.text) refers to interrupt.o(.text) for IntRegister
    qei.o(.text) refers to interrupt.o(.text) for IntRegister
    ssi.o(.text) refers to interrupt.o(.text) for IntRegister
    ssi.o(.text) refers to ssi.o(.constdata) for g_ppulSSIIntMap
    sysctl.o(.text) refers to sysctl.o(.constdata) for g_ppulPeripheralMap
    sysctl.o(.text) refers to interrupt.o(.text) for IntRegister
    sysctl.o(.text) refers to cpu.o(.emb_text) for CPUwfi
    sysctl.o(.text) refers to sysctl.o(.emb_text) for SysCtlDelay
    sysexc.o(.text) refers to interrupt.o(.text) for IntRegister
    systick.o(.text) refers to interrupt.o(.text) for IntRegister
    timer.o(.text) refers to interrupt.o(.text) for IntRegister
    timer.o(.text) refers to timer.o(.constdata) for g_ppulTimerIntMap
    uart.o(.text) refers to interrupt.o(.text) for IntRegister
    uart.o(.text) refers to uart.o(.constdata) for g_ppulUARTIntMap
    udma.o(.text) refers to interrupt.o(.text) for IntRegister
    usb.o(.text) refers to interrupt.o(.text) for IntRegister
    watchdog.o(.text) refers to interrupt.o(.text) for IntRegister
    uartstdio.o(.text) refers to sysctl.o(.text) for SysCtlPeripheralPresent
    uartstdio.o(.text) refers to uart.o(.text) for UARTConfigSetExpClk
    uartstdio.o(.text) refers to uartstdio.o(.constdata) for g_ulUARTPeriph
    uartstdio.o(.text) refers to uartstdio.o(.data) for g_ulBase
    uartstdio.o(.constdata) refers to uartstdio.o(.conststring) for .conststring
    __main.o(!!!main) refers to rtentry.o(.ARM.Collect$$rtentry$$00000000) for __rt_entry
    dfixu.o(x$fpl$dfixu) refers (Special) to usenofp.o(x$fpl$usenofp) for __I$use$fp
    dfixu.o(x$fpl$dfixu) refers to dnaninf.o(x$fpl$dnaninf) for __fpl_dnaninf
    dfixu.o(x$fpl$dfixur) refers (Special) to usenofp.o(x$fpl$usenofp) for __I$use$fp
    dfixu.o(x$fpl$dfixur) refers to dnaninf.o(x$fpl$dnaninf) for __fpl_dnaninf
    dflt_clz.o(x$fpl$dfltu) refers (Special) to usenofp.o(x$fpl$usenofp) for __I$use$fp
    dflt_clz.o(x$fpl$dflt) refers (Special) to usenofp.o(x$fpl$usenofp) for __I$use$fp
    dflt_clz.o(x$fpl$dfltn) refers (Special) to usenofp.o(x$fpl$usenofp) for __I$use$fp
    dmul.o(x$fpl$dmul) refers (Special) to usenofp.o(x$fpl$usenofp) for __I$use$fp
    dmul.o(x$fpl$dmul) refers to dretinf.o(x$fpl$dretinf) for __fpl_dretinf
    dmul.o(x$fpl$dmul) refers to dnaninf.o(x$fpl$dnaninf) for __fpl_dnaninf
    rtentry.o(.ARM.Collect$$rtentry$$00000000) refers (Special) to rtentry2.o(.ARM.Collect$$rtentry$$0000000A) for __rt_entry_li
    rtentry.o(.ARM.Collect$$rtentry$$00000000) refers (Special) to rtentry2.o(.ARM.Collect$$rtentry$$0000000D) for __rt_entry_main
    rtentry.o(.ARM.Collect$$rtentry$$00000000) refers (Special) to rtentry2.o(.ARM.Collect$$rtentry$$0000000C) for __rt_entry_postli_1
    rtentry.o(.ARM.Collect$$rtentry$$00000000) refers (Special) to rtentry2.o(.ARM.Collect$$rtentry$$00000009) for __rt_entry_postsh_1
    rtentry.o(.ARM.Collect$$rtentry$$00000000) refers (Special) to rtentry2.o(.ARM.Collect$$rtentry$$00000002) for __rt_entry_presh_1
    rtentry.o(.ARM.Collect$$rtentry$$00000000) refers (Special) to rtentry4.o(.ARM.Collect$$rtentry$$00000004) for __rt_entry_sh
    dnaninf.o(x$fpl$dnaninf) refers (Special) to usenofp.o(x$fpl$usenofp) for __I$use$fp
    dretinf.o(x$fpl$dretinf) refers (Special) to usenofp.o(x$fpl$usenofp) for __I$use$fp
    rtentry2.o(.ARM.Collect$$rtentry$$00000008) refers to boardinit2.o(.text) for _platform_post_stackheap_init
    rtentry2.o(.ARM.Collect$$rtentry$$0000000A) refers to libinit.o(.ARM.Collect$$libinit$$00000000) for __rt_lib_init
    rtentry2.o(.ARM.Collect$$rtentry$$0000000B) refers to boardinit3.o(.text) for _platform_post_lib_init
    rtentry2.o(.ARM.Collect$$rtentry$$0000000D) refers to sonrobot.o(.text) for main
    rtentry2.o(.ARM.Collect$$rtentry$$0000000D) refers to exit.o(.text) for exit
    rtentry2.o(.ARM.exidx) refers to rtentry2.o(.ARM.Collect$$rtentry$$00000001) for .ARM.Collect$$rtentry$$00000001
    rtentry2.o(.ARM.exidx) refers to rtentry2.o(.ARM.Collect$$rtentry$$00000008) for .ARM.Collect$$rtentry$$00000008
    rtentry2.o(.ARM.exidx) refers to rtentry2.o(.ARM.Collect$$rtentry$$0000000A) for .ARM.Collect$$rtentry$$0000000A
    rtentry2.o(.ARM.exidx) refers to rtentry2.o(.ARM.Collect$$rtentry$$0000000B) for .ARM.Collect$$rtentry$$0000000B
    rtentry2.o(.ARM.exidx) refers to rtentry2.o(.ARM.Collect$$rtentry$$0000000D) for .ARM.Collect$$rtentry$$0000000D
    rtentry4.o(.ARM.Collect$$rtentry$$00000004) refers to sys_stackheap_outer.o(.text) for __user_setup_stackheap
    rtentry4.o(.ARM.exidx) refers to rtentry4.o(.ARM.Collect$$rtentry$$00000004) for .ARM.Collect$$rtentry$$00000004
    sys_stackheap_outer.o(.text) refers to libspace.o(.text) for __user_perproc_libspace
    sys_stackheap_outer.o(.text) refers to startup.o(.text) for __user_initial_stackheap
    exit.o(.text) refers to rtexit.o(.ARM.Collect$$rtexit$$00000000) for __rt_exit
    libinit.o(.ARM.Collect$$libinit$$00000000) refers (Special) to libinit2.o(.ARM.Collect$$libinit$$0000002C) for __rt_lib_init_alloca_1
    libinit.o(.ARM.Collect$$libinit$$00000000) refers (Special) to libinit2.o(.ARM.Collect$$libinit$$0000002A) for __rt_lib_init_argv_1
    libinit.o(.ARM.Collect$$libinit$$00000000) refers (Special) to libinit2.o(.ARM.Collect$$libinit$$00000019) for __rt_lib_init_atexit_1
    libinit.o(.ARM.Collect$$libinit$$00000000) refers (Special) to libinit2.o(.ARM.Collect$$libinit$$0000001F) for __rt_lib_init_clock_1
    libinit.o(.ARM.Collect$$libinit$$00000000) refers (Special) to libinit2.o(.ARM.Collect$$libinit$$00000030) for __rt_lib_init_cpp_1
    libinit.o(.ARM.Collect$$libinit$$00000000) refers (Special) to libinit2.o(.ARM.Collect$$libinit$$0000002E) for __rt_lib_init_exceptions_1
    libinit.o(.ARM.Collect$$libinit$$00000000) refers (Special) to libinit2.o(.ARM.Collect$$libinit$$00000001) for __rt_lib_init_fp_1
    libinit.o(.ARM.Collect$$libinit$$00000000) refers (Special) to libinit2.o(.ARM.Collect$$libinit$$0000001D) for __rt_lib_init_fp_trap_1
    libinit.o(.ARM.Collect$$libinit$$00000000) refers (Special) to libinit2.o(.ARM.Collect$$libinit$$00000021) for __rt_lib_init_getenv_1
    libinit.o(.ARM.Collect$$libinit$$00000000) refers (Special) to libinit2.o(.ARM.Collect$$libinit$$00000008) for __rt_lib_init_heap_1
    libinit.o(.ARM.Collect$$libinit$$00000000) refers (Special) to libinit2.o(.ARM.Collect$$libinit$$0000000F) for __rt_lib_init_lc_collate_1
    libinit.o(.ARM.Collect$$libinit$$00000000) refers (Special) to libinit2.o(.ARM.Collect$$libinit$$00000011) for __rt_lib_init_lc_ctype_1
    libinit.o(.ARM.Collect$$libinit$$00000000) refers (Special) to libinit2.o(.ARM.Collect$$libinit$$00000013) for __rt_lib_init_lc_monetary_1
    libinit.o(.ARM.Collect$$libinit$$00000000) refers (Special) to libinit2.o(.ARM.Collect$$libinit$$00000015) for __rt_lib_init_lc_numeric_1
    libinit.o(.ARM.Collect$$libinit$$00000000) refers (Special) to libinit2.o(.ARM.Collect$$libinit$$00000017) for __rt_lib_init_lc_time_1
    libinit.o(.ARM.Collect$$libinit$$00000000) refers (Special) to libinit2.o(.ARM.Collect$$libinit$$0000000C) for __rt_lib_init_rand_1
    libinit.o(.ARM.Collect$$libinit$$00000000) refers (Special) to libinit2.o(.ARM.Collect$$libinit$$00000031) for __rt_lib_init_return
    libinit.o(.ARM.Collect$$libinit$$00000000) refers (Special) to libinit2.o(.ARM.Collect$$libinit$$0000001B) for __rt_lib_init_signal_1
    libinit.o(.ARM.Collect$$libinit$$00000000) refers (Special) to libinit2.o(.ARM.Collect$$libinit$$00000023) for __rt_lib_init_stdio_1
    libinit.o(.ARM.Collect$$libinit$$00000000) refers (Special) to libinit2.o(.ARM.Collect$$libinit$$0000000A) for __rt_lib_init_user_alloc_1
    libspace.o(.text) refers to libspace.o(.bss) for __libspace_start
    rtexit.o(.ARM.Collect$$rtexit$$00000000) refers (Special) to rtexit2.o(.ARM.Collect$$rtexit$$00000004) for __rt_exit_exit
    rtexit.o(.ARM.Collect$$rtexit$$00000000) refers (Special) to rtexit2.o(.ARM.Collect$$rtexit$$00000003) for __rt_exit_ls
    rtexit.o(.ARM.Collect$$rtexit$$00000000) refers (Special) to rtexit2.o(.ARM.Collect$$rtexit$$00000002) for __rt_exit_prels_1
    rtexit.o(.ARM.exidx) refers (Special) to rtexit2.o(.ARM.Collect$$rtexit$$00000004) for __rt_exit_exit
    rtexit.o(.ARM.exidx) refers (Special) to rtexit2.o(.ARM.Collect$$rtexit$$00000003) for __rt_exit_ls
    rtexit.o(.ARM.exidx) refers (Special) to rtexit2.o(.ARM.Collect$$rtexit$$00000002) for __rt_exit_prels_1
    rtexit.o(.ARM.exidx) refers to rtexit.o(.ARM.Collect$$rtexit$$00000000) for .ARM.Collect$$rtexit$$00000000
    libinit2.o(.ARM.Collect$$libinit$$00000001) refers to fpinit.o(x$fpl$fpinit) for _fp_init
    libinit2.o(.ARM.Collect$$libinit$$0000000E) refers to libinit2.o(.ARM.Collect$$libinit$$0000000D) for .ARM.Collect$$libinit$$0000000D
    libinit2.o(.ARM.Collect$$libinit$$00000010) refers to libinit2.o(.ARM.Collect$$libinit$$0000000D) for .ARM.Collect$$libinit$$0000000D
    libinit2.o(.ARM.Collect$$libinit$$00000012) refers to libinit2.o(.ARM.Collect$$libinit$$0000000D) for .ARM.Collect$$libinit$$0000000D
    libinit2.o(.ARM.Collect$$libinit$$00000014) refers to libinit2.o(.ARM.Collect$$libinit$$0000000D) for .ARM.Collect$$libinit$$0000000D
    libinit2.o(.ARM.Collect$$libinit$$00000016) refers to libinit2.o(.ARM.Collect$$libinit$$0000000D) for .ARM.Collect$$libinit$$0000000D
    libinit2.o(.ARM.Collect$$libinit$$00000024) refers to argv_veneer.o(.emb_text) for __ARM_argv_veneer
    libinit2.o(.ARM.Collect$$libinit$$00000025) refers to argv_veneer.o(.emb_text) for __ARM_argv_veneer
    rtexit2.o(.ARM.Collect$$rtexit$$00000003) refers to libshutdown.o(.ARM.Collect$$libshutdown$$00000000) for __rt_lib_shutdown
    rtexit2.o(.ARM.Collect$$rtexit$$00000004) refers to sys_exit.o(.text) for _sys_exit
    rtexit2.o(.ARM.exidx) refers to rtexit2.o(.ARM.Collect$$rtexit$$00000001) for .ARM.Collect$$rtexit$$00000001
    rtexit2.o(.ARM.exidx) refers to rtexit2.o(.ARM.Collect$$rtexit$$00000003) for .ARM.Collect$$rtexit$$00000003
    rtexit2.o(.ARM.exidx) refers to rtexit2.o(.ARM.Collect$$rtexit$$00000004) for .ARM.Collect$$rtexit$$00000004
    argv_veneer.o(.emb_text) refers to no_argv.o(.text) for __ARM_get_argv
    sys_exit.o(.text) refers (Special) to use_no_semi.o(.text) for __I$use$semihosting
    sys_exit.o(.text) refers (Special) to indicate_semi.o(.text) for __semihosting_library_function
    _get_argv_nomalloc.o(.text) refers (Special) to hrguard.o(.text) for __heap_region$guard
    _get_argv_nomalloc.o(.text) refers to defsig_rtmem_outer.o(.text) for __rt_SIGRTMEM
    _get_argv_nomalloc.o(.text) refers to sys_command.o(.text) for _sys_command_string
    libshutdown.o(.ARM.Collect$$libshutdown$$00000000) refers (Special) to libshutdown2.o(.ARM.Collect$$libshutdown$$00000006) for __rt_lib_shutdown_fp_trap_1
    libshutdown.o(.ARM.Collect$$libshutdown$$00000000) refers (Special) to libshutdown2.o(.ARM.Collect$$libshutdown$$0000000E) for __rt_lib_shutdown_heap_1
    libshutdown.o(.ARM.Collect$$libshutdown$$00000000) refers (Special) to libshutdown2.o(.ARM.Collect$$libshutdown$$0000000F) for __rt_lib_shutdown_return
    libshutdown.o(.ARM.Collect$$libshutdown$$00000000) refers (Special) to libshutdown2.o(.ARM.Collect$$libshutdown$$00000009) for __rt_lib_shutdown_signal_1
    libshutdown.o(.ARM.Collect$$libshutdown$$00000000) refers (Special) to libshutdown2.o(.ARM.Collect$$libshutdown$$00000003) for __rt_lib_shutdown_stdio_1
    libshutdown.o(.ARM.Collect$$libshutdown$$00000000) refers (Special) to libshutdown2.o(.ARM.Collect$$libshutdown$$0000000B) for __rt_lib_shutdown_user_alloc_1
    sys_command.o(.text) refers (Special) to use_no_semi.o(.text) for __I$use$semihosting
    sys_command.o(.text) refers (Special) to indicate_semi.o(.text) for __semihosting_library_function
    defsig_rtmem_outer.o(.text) refers to defsig_rtmem_inner.o(.text) for __rt_SIGRTMEM_inner
    defsig_rtmem_outer.o(.text) refers to defsig_exit.o(.text) for __sig_exit
    defsig_rtmem_formal.o(.text) refers to rt_raise.o(.text) for __rt_raise
    rt_raise.o(.text) refers to __raise.o(.text) for __raise
    rt_raise.o(.text) refers to sys_exit.o(.text) for _sys_exit
    defsig_exit.o(.text) refers to sys_exit.o(.text) for _sys_exit
    defsig_rtmem_inner.o(.text) refers to defsig_general.o(.text) for __default_signal_display
    __raise.o(.text) refers to defsig.o(CL$$defsig) for __default_signal_handler
    defsig_general.o(.text) refers to sys_wrch.o(.text) for _ttywrch
    sys_wrch.o(.text) refers (Special) to use_no_semi.o(.text) for __I$use$semihosting
    sys_wrch.o(.text) refers (Special) to indicate_semi.o(.text) for __semihosting_library_function
    defsig.o(CL$$defsig) refers to defsig_rtmem_inner.o(.text) for __rt_SIGRTMEM_inner
    defsig_abrt_inner.o(.text) refers to defsig_general.o(.text) for __default_signal_display
    defsig_fpe_inner.o(.text) refers to defsig_general.o(.text) for __default_signal_display
    defsig_rtred_inner.o(.text) refers to defsig_general.o(.text) for __default_signal_display
    defsig_stak_inner.o(.text) refers to defsig_general.o(.text) for __default_signal_display
    defsig_pvfn_inner.o(.text) refers to defsig_general.o(.text) for __default_signal_display
    defsig_cppl_inner.o(.text) refers to defsig_general.o(.text) for __default_signal_display
    defsig_segv_inner.o(.text) refers to defsig_general.o(.text) for __default_signal_display
    defsig_other.o(.text) refers to defsig_general.o(.text) for __default_signal_display


==============================================================================

Removing Unused input sections from the image.

    Removing can.o(.text), (2204 bytes).
    Removing can.o(.constdata), (32 bytes).
    Removing comp.o(.text), (162 bytes).
    Removing eeprom.o(.text), (904 bytes).
    Removing epi.o(.text), (432 bytes).
    Removing ethernet.o(.text), (952 bytes).
    Removing fan.o(.text), (252 bytes).
    Removing flash.o(.text), (1008 bytes).
    Removing flash.o(.constdata), (32 bytes).
    Removing fpu.o(.text), (164 bytes).
    Removing hibernate.o(.text), (732 bytes).
    Removing hibernate.o(.data), (4 bytes).
    Removing i2c.o(.text), (688 bytes).
    Removing i2c.o(.constdata), (48 bytes).
    Removing i2s.o(.text), (572 bytes).
    Removing lpc.o(.text), (742 bytes).
    Removing mpu.o(.text), (176 bytes).
    Removing peci.o(.text), (680 bytes).
    Removing pwm.o(.text), (768 bytes).
    Removing qei.o(.text), (220 bytes).
    Removing ssi.o(.text), (368 bytes).
    Removing ssi.o(.constdata), (32 bytes).
    Removing sysctl.o(.data), (13 bytes).
    Removing sysexc.o(.text), (88 bytes).
    Removing systick.o(.text), (156 bytes).
    Removing udma.o(.text), (800 bytes).
    Removing usb.o(.text), (3092 bytes).
    Removing watchdog.o(.text), (216 bytes).

28 unused section(s) (total 15537 bytes) removed from the image.

==============================================================================

Image Symbol Table

    Local Symbols

    Symbol Name                              Value     Ov Type        Size  Object(Section)

    RESET                                    0x00000000   Section      644  startup.o(RESET)
    ../clib/angel/boardlib.s                 0x00000000   Number         0  boardinit3.o ABSOLUTE
    ../clib/angel/boardlib.s                 0x00000000   Number         0  boardshut.o ABSOLUTE
    ../clib/angel/boardlib.s                 0x00000000   Number         0  boardinit2.o ABSOLUTE
    ../clib/angel/boardlib.s                 0x00000000   Number         0  boardinit1.o ABSOLUTE
    ../clib/angel/dczerorl.s                 0x00000000   Number         0  __dczerorl.o ABSOLUTE
    ../clib/angel/handlers.s                 0x00000000   Number         0  __scatter_zi.o ABSOLUTE
    ../clib/angel/kernel.s                   0x00000000   Number         0  rtexit2.o ABSOLUTE
    ../clib/angel/kernel.s                   0x00000000   Number         0  rtexit.o ABSOLUTE
    ../clib/angel/kernel.s                   0x00000000   Number         0  rtentry.o ABSOLUTE
    ../clib/angel/kernel.s                   0x00000000   Number         0  rtentry2.o ABSOLUTE
    ../clib/angel/kernel.s                   0x00000000   Number         0  rtentry4.o ABSOLUTE
    ../clib/angel/rt.s                       0x00000000   Number         0  rt_raise.o ABSOLUTE
    ../clib/angel/scatter.s                  0x00000000   Number         0  __scatter.o ABSOLUTE
    ../clib/angel/startup.s                  0x00000000   Number         0  __main.o ABSOLUTE
    ../clib/angel/sys.s                      0x00000000   Number         0  indicate_semi.o ABSOLUTE
    ../clib/angel/sys.s                      0x00000000   Number         0  use_no_semi.o ABSOLUTE
    ../clib/angel/sys.s                      0x00000000   Number         0  sys_stackheap_outer.o ABSOLUTE
    ../clib/angel/sys.s                      0x00000000   Number         0  libspace.o ABSOLUTE
    ../clib/angel/sysapp.c                   0x00000000   Number         0  sys_command.o ABSOLUTE
    ../clib/angel/sysapp.c                   0x00000000   Number         0  sys_exit.o ABSOLUTE
    ../clib/angel/sysapp.c                   0x00000000   Number         0  sys_wrch.o ABSOLUTE
    ../clib/armsys.c                         0x00000000   Number         0  no_argv.o ABSOLUTE
    ../clib/armsys.c                         0x00000000   Number         0  _get_argv_nomalloc.o ABSOLUTE
    ../clib/armsys.c                         0x00000000   Number         0  argv_veneer.o ABSOLUTE
    ../clib/armsys.c                         0x00000000   Number         0  argv_veneer.o ABSOLUTE
    ../clib/heapalloc.c                      0x00000000   Number         0  hrguard.o ABSOLUTE
    ../clib/heapaux.c                        0x00000000   Number         0  heapauxi.o ABSOLUTE
    ../clib/libinit.s                        0x00000000   Number         0  libshutdown.o ABSOLUTE
    ../clib/libinit.s                        0x00000000   Number         0  libshutdown2.o ABSOLUTE
    ../clib/libinit.s                        0x00000000   Number         0  libinit.o ABSOLUTE
    ../clib/libinit.s                        0x00000000   Number         0  libinit2.o ABSOLUTE
    ../clib/signal.c                         0x00000000   Number         0  defsig_rtmem_outer.o ABSOLUTE
    ../clib/signal.c                         0x00000000   Number         0  __raise.o ABSOLUTE
    ../clib/signal.c                         0x00000000   Number         0  defsig_rtmem_inner.o ABSOLUTE
    ../clib/signal.c                         0x00000000   Number         0  defsig_exit.o ABSOLUTE
    ../clib/signal.c                         0x00000000   Number         0  defsig_rtmem_formal.o ABSOLUTE
    ../clib/signal.c                         0x00000000   Number         0  defsig_fpe_inner.o ABSOLUTE
    ../clib/signal.c                         0x00000000   Number         0  defsig_other.o ABSOLUTE
    ../clib/signal.c                         0x00000000   Number         0  defsig_segv_inner.o ABSOLUTE
    ../clib/signal.c                         0x00000000   Number         0  defsig_cppl_inner.o ABSOLUTE
    ../clib/signal.c                         0x00000000   Number         0  defsig_pvfn_inner.o ABSOLUTE
    ../clib/signal.c                         0x00000000   Number         0  defsig_stak_inner.o ABSOLUTE
    ../clib/signal.c                         0x00000000   Number         0  defsig_rtred_inner.o ABSOLUTE
    ../clib/signal.c                         0x00000000   Number         0  defsig_abrt_inner.o ABSOLUTE
    ../clib/signal.c                         0x00000000   Number         0  defsig_general.o ABSOLUTE
    ../clib/signal.s                         0x00000000   Number         0  defsig.o ABSOLUTE
    ../clib/stdlib.c                         0x00000000   Number         0  exit.o ABSOLUTE
    ../fplib/dfixu.s                         0x00000000   Number         0  dfixu.o ABSOLUTE
    ../fplib/dflt.s                          0x00000000   Number         0  dflt_clz.o ABSOLUTE
    ../fplib/dmul.s                          0x00000000   Number         0  dmul.o ABSOLUTE
    ../fplib/dnaninf.s                       0x00000000   Number         0  dnaninf.o ABSOLUTE
    ../fplib/dretinf.s                       0x00000000   Number         0  dretinf.o ABSOLUTE
    ../fplib/fpinit.s                        0x00000000   Number         0  fpinit.o ABSOLUTE
    ../fplib/usenofp.s                       0x00000000   Number         0  usenofp.o ABSOLUTE
    ..\\driver\\driverlib\\cpu.c             0x00000000   Number         0  cpu.o ABSOLUTE
    ..\\driver\\driverlib\\sysctl.c          0x00000000   Number         0  sysctl.o ABSOLUTE
    ..\driver\driverlib\adc.c                0x00000000   Number         0  adc.o ABSOLUTE
    ..\driver\driverlib\can.c                0x00000000   Number         0  can.o ABSOLUTE
    ..\driver\driverlib\comp.c               0x00000000   Number         0  comp.o ABSOLUTE
    ..\driver\driverlib\cpu.c                0x00000000   Number         0  cpu.o ABSOLUTE
    ..\driver\driverlib\eeprom.c             0x00000000   Number         0  eeprom.o ABSOLUTE
    ..\driver\driverlib\epi.c                0x00000000   Number         0  epi.o ABSOLUTE
    ..\driver\driverlib\ethernet.c           0x00000000   Number         0  ethernet.o ABSOLUTE
    ..\driver\driverlib\fan.c                0x00000000   Number         0  fan.o ABSOLUTE
    ..\driver\driverlib\flash.c              0x00000000   Number         0  flash.o ABSOLUTE
    ..\driver\driverlib\fpu.c                0x00000000   Number         0  fpu.o ABSOLUTE
    ..\driver\driverlib\gpio.c               0x00000000   Number         0  gpio.o ABSOLUTE
    ..\driver\driverlib\hibernate.c          0x00000000   Number         0  hibernate.o ABSOLUTE
    ..\driver\driverlib\i2c.c                0x00000000   Number         0  i2c.o ABSOLUTE
    ..\driver\driverlib\i2s.c                0x00000000   Number         0  i2s.o ABSOLUTE
    ..\driver\driverlib\interrupt.c          0x00000000   Number         0  interrupt.o ABSOLUTE
    ..\driver\driverlib\lpc.c                0x00000000   Number         0  lpc.o ABSOLUTE
    ..\driver\driverlib\mpu.c                0x00000000   Number         0  mpu.o ABSOLUTE
    ..\driver\driverlib\peci.c               0x00000000   Number         0  peci.o ABSOLUTE
    ..\driver\driverlib\pwm.c                0x00000000   Number         0  pwm.o ABSOLUTE
    ..\driver\driverlib\qei.c                0x00000000   Number         0  qei.o ABSOLUTE
    ..\driver\driverlib\ssi.c                0x00000000   Number         0  ssi.o ABSOLUTE
    ..\driver\driverlib\sysctl.c             0x00000000   Number         0  sysctl.o ABSOLUTE
    ..\driver\driverlib\sysexc.c             0x00000000   Number         0  sysexc.o ABSOLUTE
    ..\driver\driverlib\systick.c            0x00000000   Number         0  systick.o ABSOLUTE
    ..\driver\driverlib\timer.c              0x00000000   Number         0  timer.o ABSOLUTE
    ..\driver\driverlib\uart.c               0x00000000   Number         0  uart.o ABSOLUTE
    ..\driver\driverlib\udma.c               0x00000000   Number         0  udma.o ABSOLUTE
    ..\driver\driverlib\usb.c                0x00000000   Number         0  usb.o ABSOLUTE
    ..\driver\driverlib\watchdog.c           0x00000000   Number         0  watchdog.o ABSOLUTE
    ..\driver\utils\uartstdio.c              0x00000000   Number         0  uartstdio.o ABSOLUTE
    ..\robot\sonrobot.c                      0x00000000   Number         0  sonrobot.o ABSOLUTE
    Startup.s                                0x00000000   Number         0  startup.o ABSOLUTE
    dc.s                                     0x00000000   Number         0  dc.o ABSOLUTE
    $v0                                      0x0000026c   Number         0  startup.o(RESET)
    NmiSR                                    0x0000027b   Thumb Code     0  startup.o(RESET)
    FaultISR                                 0x0000027d   Thumb Code     0  startup.o(RESET)
    IntDefaultHandler                        0x0000027f   Thumb Code     0  startup.o(RESET)
    !!!main                                  0x00000284   Section        8  __main.o(!!!main)
    !!!scatter                               0x0000028c   Section       52  __scatter.o(!!!scatter)
    !!dczerorl                               0x000002c0   Section       58  __dczerorl.o(!!dczerorl)
    !!handler_zi                             0x000002fc   Section       28  __scatter_zi.o(!!handler_zi)
    .ARM.Collect$$libinit$$00000000          0x00000318   Section        2  libinit.o(.ARM.Collect$$libinit$$00000000)
    .ARM.Collect$$libinit$$00000001          0x0000031a   Section        4  libinit2.o(.ARM.Collect$$libinit$$00000001)
    .ARM.Collect$$libinit$$00000008          0x0000031e   Section        0  libinit2.o(.ARM.Collect$$libinit$$00000008)
    .ARM.Collect$$libinit$$0000000A          0x0000031e   Section        0  libinit2.o(.ARM.Collect$$libinit$$0000000A)
    .ARM.Collect$$libinit$$0000000C          0x0000031e   Section        0  libinit2.o(.ARM.Collect$$libinit$$0000000C)
    .ARM.Collect$$libinit$$0000000F          0x0000031e   Section        0  libinit2.o(.ARM.Collect$$libinit$$0000000F)
    .ARM.Collect$$libinit$$00000011          0x0000031e   Section        0  libinit2.o(.ARM.Collect$$libinit$$00000011)
    .ARM.Collect$$libinit$$00000013          0x0000031e   Section        0  libinit2.o(.ARM.Collect$$libinit$$00000013)
    .ARM.Collect$$libinit$$00000015          0x0000031e   Section        0  libinit2.o(.ARM.Collect$$libinit$$00000015)
    .ARM.Collect$$libinit$$00000017          0x0000031e   Section        0  libinit2.o(.ARM.Collect$$libinit$$00000017)
    .ARM.Collect$$libinit$$00000019          0x0000031e   Section        0  libinit2.o(.ARM.Collect$$libinit$$00000019)
    .ARM.Collect$$libinit$$0000001B          0x0000031e   Section        0  libinit2.o(.ARM.Collect$$libinit$$0000001B)
    .ARM.Collect$$libinit$$0000001D          0x0000031e   Section        0  libinit2.o(.ARM.Collect$$libinit$$0000001D)
    .ARM.Collect$$libinit$$0000001F          0x0000031e   Section        0  libinit2.o(.ARM.Collect$$libinit$$0000001F)
    .ARM.Collect$$libinit$$00000021          0x0000031e   Section        0  libinit2.o(.ARM.Collect$$libinit$$00000021)
    .ARM.Collect$$libinit$$00000023          0x0000031e   Section        0  libinit2.o(.ARM.Collect$$libinit$$00000023)
    .ARM.Collect$$libinit$$0000002A          0x0000031e   Section        0  libinit2.o(.ARM.Collect$$libinit$$0000002A)
    .ARM.Collect$$libinit$$0000002C          0x0000031e   Section        0  libinit2.o(.ARM.Collect$$libinit$$0000002C)
    .ARM.Collect$$libinit$$0000002E          0x0000031e   Section        0  libinit2.o(.ARM.Collect$$libinit$$0000002E)
    .ARM.Collect$$libinit$$00000030          0x0000031e   Section        0  libinit2.o(.ARM.Collect$$libinit$$00000030)
    .ARM.Collect$$libinit$$00000031          0x0000031e   Section        2  libinit2.o(.ARM.Collect$$libinit$$00000031)
    .ARM.Collect$$libshutdown$$00000000      0x00000320   Section        2  libshutdown.o(.ARM.Collect$$libshutdown$$00000000)
    .ARM.Collect$$libshutdown$$00000003      0x00000322   Section        0  libshutdown2.o(.ARM.Collect$$libshutdown$$00000003)
    .ARM.Collect$$libshutdown$$00000006      0x00000322   Section        0  libshutdown2.o(.ARM.Collect$$libshutdown$$00000006)
    .ARM.Collect$$libshutdown$$00000009      0x00000322   Section        0  libshutdown2.o(.ARM.Collect$$libshutdown$$00000009)
    .ARM.Collect$$libshutdown$$0000000B      0x00000322   Section        0  libshutdown2.o(.ARM.Collect$$libshutdown$$0000000B)
    .ARM.Collect$$libshutdown$$0000000E      0x00000322   Section        0  libshutdown2.o(.ARM.Collect$$libshutdown$$0000000E)
    .ARM.Collect$$libshutdown$$0000000F      0x00000322   Section        2  libshutdown2.o(.ARM.Collect$$libshutdown$$0000000F)
    .ARM.Collect$$rtentry$$00000000          0x00000324   Section        0  rtentry.o(.ARM.Collect$$rtentry$$00000000)
    .ARM.Collect$$rtentry$$00000002          0x00000324   Section        0  rtentry2.o(.ARM.Collect$$rtentry$$00000002)
    .ARM.Collect$$rtentry$$00000004          0x00000324   Section        6  rtentry4.o(.ARM.Collect$$rtentry$$00000004)
    .ARM.Collect$$rtentry$$00000009          0x0000032a   Section        0  rtentry2.o(.ARM.Collect$$rtentry$$00000009)
    .ARM.Collect$$rtentry$$0000000A          0x0000032a   Section        4  rtentry2.o(.ARM.Collect$$rtentry$$0000000A)
    .ARM.Collect$$rtentry$$0000000C          0x0000032e   Section        0  rtentry2.o(.ARM.Collect$$rtentry$$0000000C)
    .ARM.Collect$$rtentry$$0000000D          0x0000032e   Section        8  rtentry2.o(.ARM.Collect$$rtentry$$0000000D)
    .ARM.Collect$$rtexit$$00000000           0x00000336   Section        2  rtexit.o(.ARM.Collect$$rtexit$$00000000)
    .ARM.Collect$$rtexit$$00000002           0x00000338   Section        0  rtexit2.o(.ARM.Collect$$rtexit$$00000002)
    .ARM.Collect$$rtexit$$00000003           0x00000338   Section        4  rtexit2.o(.ARM.Collect$$rtexit$$00000003)
    .ARM.Collect$$rtexit$$00000004           0x0000033c   Section        6  rtexit2.o(.ARM.Collect$$rtexit$$00000004)
    .emb_text                                0x00000344   Section       38  cpu.o(.emb_text)
    $v0                                      0x00000344   Number         0  cpu.o(.emb_text)
    .emb_text                                0x0000036c   Section        6  sysctl.o(.emb_text)
    $v0                                      0x0000036c   Number         0  sysctl.o(.emb_text)
    .text                                    0x00000374   Section       24  startup.o(.text)
    $v0                                      0x00000374   Number         0  startup.o(.text)
    .text                                    0x0000038c   Section        0  sonrobot.o(.text)
    .text                                    0x00000e50   Section        0  adc.o(.text)
    .text                                    0x00001188   Section        0  gpio.o(.text)
    GPIOGetIntNumber                         0x00001189   Thumb Code   224  gpio.o(.text)
    .text                                    0x00001968   Section        0  interrupt.o(.text)
    IntDefaultHandler                        0x00001969   Thumb Code     4  interrupt.o(.text)
    .text                                    0x00001c7c   Section        0  sysctl.o(.text)
    SysCtlPeripheralMapToNew                 0x00001c7d   Thumb Code    36  sysctl.o(.text)
    .text                                    0x0000281c   Section        0  timer.o(.text)
    TimerIntNumberGet                        0x0000281d   Thumb Code    38  timer.o(.text)
    .text                                    0x00002ae8   Section        0  uart.o(.text)
    UARTIntNumberGet                         0x00002ae9   Thumb Code    38  uart.o(.text)
    .text                                    0x00002df0   Section        0  uartstdio.o(.text)
    .text                                    0x0000319c   Section        0  heapauxi.o(.text)
    .text                                    0x000031a2   Section       74  sys_stackheap_outer.o(.text)
    .text                                    0x000031ec   Section        0  exit.o(.text)
    .text                                    0x000031f8   Section        8  libspace.o(.text)
    .text                                    0x00003200   Section        0  sys_exit.o(.text)
    .text                                    0x0000320c   Section        2  use_no_semi.o(.text)
    .text                                    0x0000320e   Section        0  indicate_semi.o(.text)
    x$fpl$dfixu                              0x00003210   Section       90  dfixu.o(x$fpl$dfixu)
    $v0                                      0x00003210   Number         0  dfixu.o(x$fpl$dfixu)
    x$fpl$dfltu                              0x0000326a   Section       38  dflt_clz.o(x$fpl$dfltu)
    $v0                                      0x0000326a   Number         0  dflt_clz.o(x$fpl$dfltu)
    x$fpl$dmul                               0x00003290   Section      340  dmul.o(x$fpl$dmul)
    $v0                                      0x00003290   Number         0  dmul.o(x$fpl$dmul)
    x$fpl$dnaninf                            0x000033e4   Section      156  dnaninf.o(x$fpl$dnaninf)
    $v0                                      0x000033e4   Number         0  dnaninf.o(x$fpl$dnaninf)
    x$fpl$dretinf                            0x00003480   Section       12  dretinf.o(x$fpl$dretinf)
    $v0                                      0x00003480   Number         0  dretinf.o(x$fpl$dretinf)
    x$fpl$fpinit                             0x0000348c   Section       10  fpinit.o(x$fpl$fpinit)
    $v0                                      0x0000348c   Number         0  fpinit.o(x$fpl$fpinit)
    x$fpl$usenofp                            0x00003496   Section        0  usenofp.o(x$fpl$usenofp)
    .constdata                               0x00003498   Section      120  gpio.o(.constdata)
    g_pulGPIOBaseAddrs                       0x00003498   Data         120  gpio.o(.constdata)
    .constdata                               0x00003510   Section      268  interrupt.o(.constdata)
    g_pulPriority                            0x00003510   Data          32  interrupt.o(.constdata)
    g_pulRegs                                0x00003530   Data         156  interrupt.o(.constdata)
    g_pulEnRegs                              0x000035cc   Data          20  interrupt.o(.constdata)
    g_pulDisRegs                             0x000035e0   Data          20  interrupt.o(.constdata)
    g_pulPendRegs                            0x000035f4   Data          20  interrupt.o(.constdata)
    g_pulUnpendRegs                          0x00003608   Data          20  interrupt.o(.constdata)
    .constdata                               0x0000361c   Section      460  sysctl.o(.constdata)
    g_pulDCRegs                              0x0000361c   Data          16  sysctl.o(.constdata)
    g_pulSRCRRegs                            0x0000362c   Data          12  sysctl.o(.constdata)
    g_pulRCGCRegs                            0x00003638   Data          12  sysctl.o(.constdata)
    g_pulSCGCRegs                            0x00003644   Data          12  sysctl.o(.constdata)
    g_pulDCGCRegs                            0x00003650   Data          12  sysctl.o(.constdata)
    g_pulXtals                               0x0000365c   Data         108  sysctl.o(.constdata)
    g_ppulPeripheralMap                      0x000036c8   Data         288  sysctl.o(.constdata)
    .constdata                               0x000037e8   Section       96  timer.o(.constdata)
    g_ppulTimerIntMap                        0x000037e8   Data          96  timer.o(.constdata)
    .constdata                               0x00003848   Section       64  uart.o(.constdata)
    g_ppulUARTIntMap                         0x00003848   Data          64  uart.o(.constdata)
    .constdata                               0x00003888   Section       28  uartstdio.o(.constdata)
    g_pcHex                                  0x00003888   Data           4  uartstdio.o(.constdata)
    g_ulUARTBase                             0x0000388c   Data          12  uartstdio.o(.constdata)
    g_ulUARTPeriph                           0x00003898   Data          12  uartstdio.o(.constdata)
    .conststring                             0x000038a4   Section       17  uartstdio.o(.conststring)
    .data                                    0x20000000   Section      112  sonrobot.o(.data)
    .data                                    0x20000070   Section        3  adc.o(.data)
    g_pucOversampleFactor                    0x20000070   Data           3  adc.o(.data)
    .data                                    0x20000074   Section        5  uartstdio.o(.data)
    g_ulBase                                 0x20000074   Data           4  uartstdio.o(.data)
    bLastWasCR                               0x20000078   Data           1  uartstdio.o(.data)
    vtable                                   0x20000400   Section      620  interrupt.o(vtable)
    g_pfnRAMVectors                          0x20000400   Data         620  interrupt.o(vtable)
    .bss                                     0x2000066c   Section       72  sonrobot.o(.bss)
    .bss                                     0x200006b4   Section       96  libspace.o(.bss)
    HEAP                                     0x20000718   Section        0  startup.o(HEAP)
    STACK                                    0x20000718   Section      256  startup.o(STACK)
    HeapMem                                  0x20000718   Data           0  startup.o(HEAP)
    StackMem                                 0x20000718   Data           0  startup.o(STACK)

    Global Symbols

    Symbol Name                              Value     Ov Type        Size  Object(Section)

    BuildAttributes$$THM_ISAv4$E$P$D$K$B$S$7EM$VFPi3$EXTD16$VFPS$VFMA$PE$A:L22UL41UL21$X:L11$S22US41US21$IEEE1$IW$USESV6$~STKCKD$USESV7$~SHL$OSPACE$ROPI$EBA8$UX$STANDARDLIB$REQ8$PRES8$EABIv2 0x00000000   Number         0  anon$$obj.o ABSOLUTE
    __ARM_use_no_argv                        0x00000000   Number         0  sonrobot.o ABSOLUTE
    __Vectors                                0x00000000   Data           0  startup.o(RESET)
    __ARM_exceptions_init                     - Undefined Weak Reference
    __alloca_initialize                       - Undefined Weak Reference
    __cpp_initialize__aeabi_                  - Undefined Weak Reference
    __cxa_finalize                            - Undefined Weak Reference
    __rt_locale                               - Undefined Weak Reference
    __sigvec_lookup                           - Undefined Weak Reference
    _atexit_init                              - Undefined Weak Reference
    _call_atexit_fns                          - Undefined Weak Reference
    _clock_init                               - Undefined Weak Reference
    _fp_trap_init                             - Undefined Weak Reference
    _fp_trap_shutdown                         - Undefined Weak Reference
    _get_lc_collate                           - Undefined Weak Reference
    _get_lc_ctype                             - Undefined Weak Reference
    _get_lc_monetary                          - Undefined Weak Reference
    _get_lc_numeric                           - Undefined Weak Reference
    _get_lc_time                              - Undefined Weak Reference
    _getenv_init                              - Undefined Weak Reference
    _handle_redirection                       - Undefined Weak Reference
    _init_alloc                               - Undefined Weak Reference
    _init_user_alloc                          - Undefined Weak Reference
    _initio                                   - Undefined Weak Reference
    _rand_init                                - Undefined Weak Reference
    _signal_finish                            - Undefined Weak Reference
    _signal_init                              - Undefined Weak Reference
    _terminate_alloc                          - Undefined Weak Reference
    _terminate_user_alloc                     - Undefined Weak Reference
    _terminateio                              - Undefined Weak Reference
    Reset_Handler                            0x0000026d   Thumb Code     0  startup.o(RESET)
    __main                                   0x00000285   Thumb Code     8  __main.o(!!!main)
    __scatterload                            0x0000028d   Thumb Code     0  __scatter.o(!!!scatter)
    __scatterload_rt2                        0x0000028d   Thumb Code    44  __scatter.o(!!!scatter)
    __scatterload_rt2_thumb_only             0x0000028d   Thumb Code     0  __scatter.o(!!!scatter)
    __scatterload_null                       0x0000029b   Thumb Code     0  __scatter.o(!!!scatter)
    __decompress                             0x000002c1   Thumb Code    58  __dczerorl.o(!!dczerorl)
    __decompress0                            0x000002c1   Thumb Code     0  __dczerorl.o(!!dczerorl)
    __scatterload_zeroinit                   0x000002fd   Thumb Code    28  __scatter_zi.o(!!handler_zi)
    __rt_lib_init                            0x00000319   Thumb Code     0  libinit.o(.ARM.Collect$$libinit$$00000000)
    __rt_lib_init_fp_1                       0x0000031b   Thumb Code     0  libinit2.o(.ARM.Collect$$libinit$$00000001)
    __rt_lib_init_alloca_1                   0x0000031f   Thumb Code     0  libinit2.o(.ARM.Collect$$libinit$$0000002C)
    __rt_lib_init_argv_1                     0x0000031f   Thumb Code     0  libinit2.o(.ARM.Collect$$libinit$$0000002A)
    __rt_lib_init_atexit_1                   0x0000031f   Thumb Code     0  libinit2.o(.ARM.Collect$$libinit$$00000019)
    __rt_lib_init_clock_1                    0x0000031f   Thumb Code     0  libinit2.o(.ARM.Collect$$libinit$$0000001F)
    __rt_lib_init_cpp_1                      0x0000031f   Thumb Code     0  libinit2.o(.ARM.Collect$$libinit$$00000030)
    __rt_lib_init_exceptions_1               0x0000031f   Thumb Code     0  libinit2.o(.ARM.Collect$$libinit$$0000002E)
    __rt_lib_init_fp_trap_1                  0x0000031f   Thumb Code     0  libinit2.o(.ARM.Collect$$libinit$$0000001D)
    __rt_lib_init_getenv_1                   0x0000031f   Thumb Code     0  libinit2.o(.ARM.Collect$$libinit$$00000021)
    __rt_lib_init_heap_1                     0x0000031f   Thumb Code     0  libinit2.o(.ARM.Collect$$libinit$$00000008)
    __rt_lib_init_lc_collate_1               0x0000031f   Thumb Code     0  libinit2.o(.ARM.Collect$$libinit$$0000000F)
    __rt_lib_init_lc_ctype_1                 0x0000031f   Thumb Code     0  libinit2.o(.ARM.Collect$$libinit$$00000011)
    __rt_lib_init_lc_monetary_1              0x0000031f   Thumb Code     0  libinit2.o(.ARM.Collect$$libinit$$00000013)
    __rt_lib_init_lc_numeric_1               0x0000031f   Thumb Code     0  libinit2.o(.ARM.Collect$$libinit$$00000015)
    __rt_lib_init_lc_time_1                  0x0000031f   Thumb Code     0  libinit2.o(.ARM.Collect$$libinit$$00000017)
    __rt_lib_init_rand_1                     0x0000031f   Thumb Code     0  libinit2.o(.ARM.Collect$$libinit$$0000000C)
    __rt_lib_init_return                     0x0000031f   Thumb Code     0  libinit2.o(.ARM.Collect$$libinit$$00000031)
    __rt_lib_init_signal_1                   0x0000031f   Thumb Code     0  libinit2.o(.ARM.Collect$$libinit$$0000001B)
    __rt_lib_init_stdio_1                    0x0000031f   Thumb Code     0  libinit2.o(.ARM.Collect$$libinit$$00000023)
    __rt_lib_init_user_alloc_1               0x0000031f   Thumb Code     0  libinit2.o(.ARM.Collect$$libinit$$0000000A)
    __rt_lib_shutdown                        0x00000321   Thumb Code     0  libshutdown.o(.ARM.Collect$$libshutdown$$00000000)
    __rt_lib_shutdown_fp_trap_1              0x00000323   Thumb Code     0  libshutdown2.o(.ARM.Collect$$libshutdown$$00000006)
    __rt_lib_shutdown_heap_1                 0x00000323   Thumb Code     0  libshutdown2.o(.ARM.Collect$$libshutdown$$0000000E)
    __rt_lib_shutdown_return                 0x00000323   Thumb Code     0  libshutdown2.o(.ARM.Collect$$libshutdown$$0000000F)
    __rt_lib_shutdown_signal_1               0x00000323   Thumb Code     0  libshutdown2.o(.ARM.Collect$$libshutdown$$00000009)
    __rt_lib_shutdown_stdio_1                0x00000323   Thumb Code     0  libshutdown2.o(.ARM.Collect$$libshutdown$$00000003)
    __rt_lib_shutdown_user_alloc_1           0x00000323   Thumb Code     0  libshutdown2.o(.ARM.Collect$$libshutdown$$0000000B)
    __rt_entry                               0x00000325   Thumb Code     0  rtentry.o(.ARM.Collect$$rtentry$$00000000)
    __rt_entry_presh_1                       0x00000325   Thumb Code     0  rtentry2.o(.ARM.Collect$$rtentry$$00000002)
    __rt_entry_sh                            0x00000325   Thumb Code     0  rtentry4.o(.ARM.Collect$$rtentry$$00000004)
    __rt_entry_li                            0x0000032b   Thumb Code     0  rtentry2.o(.ARM.Collect$$rtentry$$0000000A)
    __rt_entry_postsh_1                      0x0000032b   Thumb Code     0  rtentry2.o(.ARM.Collect$$rtentry$$00000009)
    __rt_entry_main                          0x0000032f   Thumb Code     0  rtentry2.o(.ARM.Collect$$rtentry$$0000000D)
    __rt_entry_postli_1                      0x0000032f   Thumb Code     0  rtentry2.o(.ARM.Collect$$rtentry$$0000000C)
    __rt_exit                                0x00000337   Thumb Code     0  rtexit.o(.ARM.Collect$$rtexit$$00000000)
    __rt_exit_ls                             0x00000339   Thumb Code     0  rtexit2.o(.ARM.Collect$$rtexit$$00000003)
    __rt_exit_prels_1                        0x00000339   Thumb Code     0  rtexit2.o(.ARM.Collect$$rtexit$$00000002)
    __rt_exit_exit                           0x0000033d   Thumb Code     0  rtexit2.o(.ARM.Collect$$rtexit$$00000004)
    CPUcpsid                                 0x00000345   Thumb Code     8  cpu.o(.emb_text)
    CPUprimask                               0x0000034d   Thumb Code     6  cpu.o(.emb_text)
    CPUcpsie                                 0x00000353   Thumb Code     8  cpu.o(.emb_text)
    CPUwfi                                   0x0000035b   Thumb Code     4  cpu.o(.emb_text)
    CPUbasepriSet                            0x0000035f   Thumb Code     6  cpu.o(.emb_text)
    CPUbasepriGet                            0x00000365   Thumb Code     6  cpu.o(.emb_text)
    SysCtlDelay                              0x0000036d   Thumb Code     6  sysctl.o(.emb_text)
    __user_initial_stackheap                 0x00000375   Thumb Code     0  startup.o(.text)
    __error__                                0x0000038d   Thumb Code     2  sonrobot.o(.text)
    delay                                    0x0000038f   Thumb Code    12  sonrobot.o(.text)
    IntGPIOF                                 0x0000039b   Thumb Code    48  sonrobot.o(.text)
    dur                                      0x000003cb   Thumb Code    64  sonrobot.o(.text)
    sag                                      0x0000040b   Thumb Code   208  sonrobot.o(.text)
    dur2                                     0x000004db   Thumb Code   208  sonrobot.o(.text)
    ileri                                    0x000005ab   Thumb Code   128  sonrobot.o(.text)
    IntGPIOA                                 0x0000062b   Thumb Code   256  sonrobot.o(.text)
    duz_ileri2                               0x0000072b   Thumb Code   426  sonrobot.o(.text)
    sonic                                    0x000008d5   Thumb Code   186  sonrobot.o(.text)
    Timer2IntHandler                         0x0000098f   Thumb Code    30  sonrobot.o(.text)
    Timer3IntHandler                         0x000009ad   Thumb Code    16  sonrobot.o(.text)
    main                                     0x000009bd   Thumb Code  1112  sonrobot.o(.text)
    ADCIntRegister                           0x00000e51   Thumb Code    46  adc.o(.text)
    ADCIntUnregister                         0x00000e7f   Thumb Code    38  adc.o(.text)
    ADCIntDisable                            0x00000ea5   Thumb Code    12  adc.o(.text)
    ADCIntEnable                             0x00000eb1   Thumb Code    18  adc.o(.text)
    ADCIntStatus                             0x00000ec3   Thumb Code    54  adc.o(.text)
    ADCIntClear                              0x00000ef9   Thumb Code     8  adc.o(.text)
    ADCSequenceEnable                        0x00000f01   Thumb Code    12  adc.o(.text)
    ADCSequenceDisable                       0x00000f0d   Thumb Code    12  adc.o(.text)
    ADCSequenceConfigure                     0x00000f19   Thumb Code    44  adc.o(.text)
    ADCSequenceStepConfigure                 0x00000f45   Thumb Code   114  adc.o(.text)
    ADCSequenceOverflow                      0x00000fb7   Thumb Code    12  adc.o(.text)
    ADCSequenceOverflowClear                 0x00000fc3   Thumb Code     8  adc.o(.text)
    ADCSequenceUnderflow                     0x00000fcb   Thumb Code    12  adc.o(.text)
    ADCSequenceUnderflowClear                0x00000fd7   Thumb Code     8  adc.o(.text)
    ADCSequenceDataGet                       0x00000fdf   Thumb Code    34  adc.o(.text)
    ADCProcessorTrigger                      0x00001001   Thumb Code    24  adc.o(.text)
    ADCSoftwareOversampleConfigure           0x00001019   Thumb Code    24  adc.o(.text)
    ADCSoftwareOversampleStepConfigure       0x00001031   Thumb Code   110  adc.o(.text)
    ADCSoftwareOversampleDataGet             0x0000109f   Thumb Code    54  adc.o(.text)
    ADCHardwareOversampleConfigure           0x000010d5   Thumb Code    18  adc.o(.text)
    ADCComparatorConfigure                   0x000010e7   Thumb Code    10  adc.o(.text)
    ADCComparatorRegionSet                   0x000010f1   Thumb Code    16  adc.o(.text)
    ADCComparatorReset                       0x00001101   Thumb Code    36  adc.o(.text)
    ADCComparatorIntDisable                  0x00001125   Thumb Code    14  adc.o(.text)
    ADCComparatorIntEnable                   0x00001133   Thumb Code    14  adc.o(.text)
    ADCComparatorIntStatus                   0x00001141   Thumb Code     6  adc.o(.text)
    ADCComparatorIntClear                    0x00001147   Thumb Code     4  adc.o(.text)
    ADCReferenceSet                          0x0000114b   Thumb Code    12  adc.o(.text)
    ADCReferenceGet                          0x00001157   Thumb Code    10  adc.o(.text)
    ADCResolutionSet                         0x00001161   Thumb Code    12  adc.o(.text)
    ADCResolutionGet                         0x0000116d   Thumb Code    10  adc.o(.text)
    ADCPhaseDelaySet                         0x00001177   Thumb Code     4  adc.o(.text)
    ADCPhaseDelayGet                         0x0000117b   Thumb Code     6  adc.o(.text)
    GPIODirModeSet                           0x00001269   Thumb Code    64  gpio.o(.text)
    GPIODirModeGet                           0x000012a9   Thumb Code    46  gpio.o(.text)
    GPIOIntTypeSet                           0x000012d7   Thumb Code    92  gpio.o(.text)
    GPIOIntTypeGet                           0x00001333   Thumb Code    62  gpio.o(.text)
    GPIOPadConfigSet                         0x00001371   Thumb Code   262  gpio.o(.text)
    GPIOPadConfigGet                         0x00001477   Thumb Code   162  gpio.o(.text)
    GPIOPinIntEnable                         0x00001519   Thumb Code    16  gpio.o(.text)
    GPIOPinIntDisable                        0x00001529   Thumb Code    16  gpio.o(.text)
    GPIOPinIntStatus                         0x00001539   Thumb Code    20  gpio.o(.text)
    GPIOPinIntClear                          0x0000154d   Thumb Code     8  gpio.o(.text)
    GPIOPortIntRegister                      0x00001555   Thumb Code    48  gpio.o(.text)
    GPIOPortIntUnregister                    0x00001585   Thumb Code    26  gpio.o(.text)
    GPIOPinRead                              0x0000159f   Thumb Code    12  gpio.o(.text)
    GPIOPinWrite                             0x000015ab   Thumb Code    10  gpio.o(.text)
    GPIOPinTypeADC                           0x000015b5   Thumb Code    30  gpio.o(.text)
    GPIOPinTypeCAN                           0x000015d3   Thumb Code    30  gpio.o(.text)
    GPIOPinTypeComparator                    0x000015f1   Thumb Code    30  gpio.o(.text)
    GPIOPinTypeEPI                           0x0000160f   Thumb Code    30  gpio.o(.text)
    GPIOPinTypeEthernetLED                   0x0000162d   Thumb Code    30  gpio.o(.text)
    GPIOPinTypeEthernetMII                   0x0000164b   Thumb Code    30  gpio.o(.text)
    GPIOPinTypeFan                           0x00001669   Thumb Code    30  gpio.o(.text)
    GPIOPinTypeGPIOInput                     0x00001687   Thumb Code    30  gpio.o(.text)
    GPIOPinTypeGPIOOutput                    0x000016a5   Thumb Code    30  gpio.o(.text)
    GPIOPinTypeGPIOOutputOD                  0x000016c3   Thumb Code    30  gpio.o(.text)
    GPIOPinTypeI2C                           0x000016e1   Thumb Code    30  gpio.o(.text)
    GPIOPinTypeI2CSCL                        0x000016ff   Thumb Code   122  gpio.o(.text)
    GPIOPinTypeI2S                           0x00001779   Thumb Code    30  gpio.o(.text)
    GPIOPinTypeLPC                           0x00001797   Thumb Code    30  gpio.o(.text)
    GPIOPinTypePECIRx                        0x000017b5   Thumb Code    30  gpio.o(.text)
    GPIOPinTypePECITx                        0x000017d3   Thumb Code    30  gpio.o(.text)
    GPIOPinTypePWM                           0x000017f1   Thumb Code    30  gpio.o(.text)
    GPIOPinTypeQEI                           0x0000180f   Thumb Code    30  gpio.o(.text)
    GPIOPinTypeSSI                           0x0000182d   Thumb Code    30  gpio.o(.text)
    GPIOPinTypeTimer                         0x0000184b   Thumb Code    30  gpio.o(.text)
    GPIOPinTypeUART                          0x00001869   Thumb Code    30  gpio.o(.text)
    GPIOPinTypeUSBAnalog                     0x00001887   Thumb Code    30  gpio.o(.text)
    GPIOPinTypeUSBDigital                    0x000018a5   Thumb Code    30  gpio.o(.text)
    GPIOPinConfigure                         0x000018c3   Thumb Code    74  gpio.o(.text)
    GPIODMATriggerEnable                     0x0000190d   Thumb Code    16  gpio.o(.text)
    GPIODMATriggerDisable                    0x0000191d   Thumb Code    16  gpio.o(.text)
    GPIOADCTriggerEnable                     0x0000192d   Thumb Code    16  gpio.o(.text)
    GPIOADCTriggerDisable                    0x0000193d   Thumb Code    16  gpio.o(.text)
    IntMasterEnable                          0x0000196d   Thumb Code    10  interrupt.o(.text)
    IntMasterDisable                         0x00001977   Thumb Code    10  interrupt.o(.text)
    IntRegister                              0x00001981   Thumb Code    52  interrupt.o(.text)
    IntUnregister                            0x000019b5   Thumb Code    10  interrupt.o(.text)
    IntPriorityGroupingSet                   0x000019bf   Thumb Code    18  interrupt.o(.text)
    IntPriorityGroupingGet                   0x000019d1   Thumb Code    36  interrupt.o(.text)
    IntPrioritySet                           0x000019f5   Thumb Code    46  interrupt.o(.text)
    IntPriorityGet                           0x00001a23   Thumb Code    22  interrupt.o(.text)
    IntEnable                                0x00001a39   Thumb Code   120  interrupt.o(.text)
    IntDisable                               0x00001ab1   Thumb Code   120  interrupt.o(.text)
    IntIsEnabled                             0x00001b29   Thumb Code   106  interrupt.o(.text)
    IntPendSet                               0x00001b93   Thumb Code    98  interrupt.o(.text)
    IntPendClear                             0x00001bf5   Thumb Code    76  interrupt.o(.text)
    IntPriorityMaskSet                       0x00001c41   Thumb Code    12  interrupt.o(.text)
    IntPriorityMaskGet                       0x00001c4d   Thumb Code     8  interrupt.o(.text)
    SysCtlSRAMSizeGet                        0x00001ca1   Thumb Code    14  sysctl.o(.text)
    SysCtlFlashSizeGet                       0x00001caf   Thumb Code    14  sysctl.o(.text)
    SysCtlPinPresent                         0x00001cbd   Thumb Code    18  sysctl.o(.text)
    SysCtlPeripheralPresent                  0x00001ccf   Thumb Code   114  sysctl.o(.text)
    SysCtlPeripheralReady                    0x00001d41   Thumb Code    56  sysctl.o(.text)
    SysCtlPeripheralPowerOn                  0x00001d79   Thumb Code    56  sysctl.o(.text)
    SysCtlPeripheralPowerOff                 0x00001db1   Thumb Code    56  sysctl.o(.text)
    SysCtlPeripheralReset                    0x00001de9   Thumb Code   212  sysctl.o(.text)
    SysCtlPeripheralEnable                   0x00001ebd   Thumb Code    96  sysctl.o(.text)
    SysCtlPeripheralDisable                  0x00001f1d   Thumb Code    96  sysctl.o(.text)
    SysCtlPeripheralSleepEnable              0x00001f7d   Thumb Code    96  sysctl.o(.text)
    SysCtlPeripheralSleepDisable             0x00001fdd   Thumb Code    96  sysctl.o(.text)
    SysCtlPeripheralDeepSleepEnable          0x0000203d   Thumb Code   152  sysctl.o(.text)
    SysCtlPeripheralDeepSleepDisable         0x000020d5   Thumb Code    96  sysctl.o(.text)
    SysCtlPeripheralClockGating              0x00002135   Thumb Code    30  sysctl.o(.text)
    SysCtlIntRegister                        0x00002153   Thumb Code    20  sysctl.o(.text)
    SysCtlIntUnregister                      0x00002167   Thumb Code    16  sysctl.o(.text)
    SysCtlIntEnable                          0x00002177   Thumb Code    12  sysctl.o(.text)
    SysCtlIntDisable                         0x00002183   Thumb Code    12  sysctl.o(.text)
    SysCtlIntClear                           0x0000218f   Thumb Code     6  sysctl.o(.text)
    SysCtlIntStatus                          0x00002195   Thumb Code    16  sysctl.o(.text)
    SysCtlLDOSet                             0x000021a5   Thumb Code     6  sysctl.o(.text)
    SysCtlLDOGet                             0x000021ab   Thumb Code     6  sysctl.o(.text)
    SysCtlLDOConfigSet                       0x000021b1   Thumb Code     6  sysctl.o(.text)
    SysCtlReset                              0x000021b7   Thumb Code    10  sysctl.o(.text)
    SysCtlSleep                              0x000021c1   Thumb Code     8  sysctl.o(.text)
    SysCtlDeepSleep                          0x000021c9   Thumb Code    40  sysctl.o(.text)
    SysCtlResetCauseGet                      0x000021f1   Thumb Code     6  sysctl.o(.text)
    SysCtlResetCauseClear                    0x000021f7   Thumb Code    12  sysctl.o(.text)
    SysCtlBrownOutConfigSet                  0x00002203   Thumb Code    10  sysctl.o(.text)
    SysCtlMOSCConfigSet                      0x0000220d   Thumb Code     6  sysctl.o(.text)
    SysCtlPIOSCCalibrate                     0x00002213   Thumb Code    72  sysctl.o(.text)
    SysCtlClockSet                           0x0000225b   Thumb Code   348  sysctl.o(.text)
    SysCtlClockGet                           0x000023b7   Thumb Code   610  sysctl.o(.text)
    SysCtlDeepSleepClockSet                  0x00002619   Thumb Code     6  sysctl.o(.text)
    SysCtlPWMClockSet                        0x0000261f   Thumb Code    16  sysctl.o(.text)
    SysCtlPWMClockGet                        0x0000262f   Thumb Code    24  sysctl.o(.text)
    SysCtlADCSpeedSet                        0x00002647   Thumb Code    36  sysctl.o(.text)
    SysCtlADCSpeedGet                        0x0000266b   Thumb Code    10  sysctl.o(.text)
    SysCtlIOSCVerificationSet                0x00002675   Thumb Code    30  sysctl.o(.text)
    SysCtlMOSCVerificationSet                0x00002693   Thumb Code    30  sysctl.o(.text)
    SysCtlPLLVerificationSet                 0x000026b1   Thumb Code    30  sysctl.o(.text)
    SysCtlClkVerificationClear               0x000026cf   Thumb Code    18  sysctl.o(.text)
    SysCtlGPIOAHBEnable                      0x000026e1   Thumb Code    14  sysctl.o(.text)
    SysCtlGPIOAHBDisable                     0x000026ef   Thumb Code    14  sysctl.o(.text)
    SysCtlUSBPLLEnable                       0x000026fd   Thumb Code    14  sysctl.o(.text)
    SysCtlUSBPLLDisable                      0x0000270b   Thumb Code    14  sysctl.o(.text)
    SysCtlI2SMClkSet                         0x00002719   Thumb Code   212  sysctl.o(.text)
    TimerEnable                              0x00002843   Thumb Code    14  timer.o(.text)
    TimerDisable                             0x00002851   Thumb Code    14  timer.o(.text)
    TimerConfigure                           0x0000285f   Thumb Code    34  timer.o(.text)
    TimerControlLevel                        0x00002881   Thumb Code    22  timer.o(.text)
    TimerControlTrigger                      0x00002897   Thumb Code    22  timer.o(.text)
    TimerControlEvent                        0x000028ad   Thumb Code    22  timer.o(.text)
    TimerControlStall                        0x000028c3   Thumb Code    22  timer.o(.text)
    TimerControlWaitOnTrigger                0x000028d9   Thumb Code    54  timer.o(.text)
    TimerRTCEnable                           0x0000290f   Thumb Code    10  timer.o(.text)
    TimerRTCDisable                          0x00002919   Thumb Code    10  timer.o(.text)
    TimerPrescaleSet                         0x00002923   Thumb Code    18  timer.o(.text)
    TimerPrescaleGet                         0x00002935   Thumb Code    14  timer.o(.text)
    TimerPrescaleMatchSet                    0x00002943   Thumb Code    18  timer.o(.text)
    TimerPrescaleMatchGet                    0x00002955   Thumb Code    14  timer.o(.text)
    TimerLoadSet                             0x00002963   Thumb Code    18  timer.o(.text)
    TimerLoadGet                             0x00002975   Thumb Code    14  timer.o(.text)
    TimerLoadSet64                           0x00002983   Thumb Code     6  timer.o(.text)
    TimerLoadGet64                           0x00002989   Thumb Code    26  timer.o(.text)
    TimerValueGet                            0x000029a3   Thumb Code    14  timer.o(.text)
    TimerValueGet64                          0x000029b1   Thumb Code    26  timer.o(.text)
    TimerMatchSet                            0x000029cb   Thumb Code    18  timer.o(.text)
    TimerMatchGet                            0x000029dd   Thumb Code    14  timer.o(.text)
    TimerMatchSet64                          0x000029eb   Thumb Code     6  timer.o(.text)
    TimerMatchGet64                          0x000029f1   Thumb Code    26  timer.o(.text)
    TimerIntRegister                         0x00002a0b   Thumb Code    58  timer.o(.text)
    TimerIntUnregister                       0x00002a45   Thumb Code    52  timer.o(.text)
    TimerIntEnable                           0x00002a79   Thumb Code     8  timer.o(.text)
    TimerIntDisable                          0x00002a81   Thumb Code     8  timer.o(.text)
    TimerIntStatus                           0x00002a89   Thumb Code    12  timer.o(.text)
    TimerIntClear                            0x00002a95   Thumb Code     4  timer.o(.text)
    TimerSynchronize                         0x00002a99   Thumb Code     4  timer.o(.text)
    TimerQuiesce                             0x00002a9d   Thumb Code    72  timer.o(.text)
    UARTParityModeSet                        0x00002b0f   Thumb Code    12  uart.o(.text)
    UARTParityModeGet                        0x00002b1b   Thumb Code    10  uart.o(.text)
    UARTFIFOLevelSet                         0x00002b25   Thumb Code     8  uart.o(.text)
    UARTFIFOLevelGet                         0x00002b2d   Thumb Code    18  uart.o(.text)
    UARTEnable                               0x00002b3f   Thumb Code    20  uart.o(.text)
    UARTDisable                              0x00002b53   Thumb Code    30  uart.o(.text)
    UARTConfigSetExpClk                      0x00002b71   Thumb Code    76  uart.o(.text)
    UARTConfigGetExpClk                      0x00002bbd   Thumb Code    44  uart.o(.text)
    UARTFIFOEnable                           0x00002be9   Thumb Code    10  uart.o(.text)
    UARTFIFODisable                          0x00002bf3   Thumb Code    10  uart.o(.text)
    UARTEnableSIR                            0x00002bfd   Thumb Code    22  uart.o(.text)
    UARTDisableSIR                           0x00002c13   Thumb Code    10  uart.o(.text)
    UARTSmartCardEnable                      0x00002c1d   Thumb Code    22  uart.o(.text)
    UARTSmartCardDisable                     0x00002c33   Thumb Code    10  uart.o(.text)
    UARTModemControlSet                      0x00002c3d   Thumb Code    12  uart.o(.text)
    UARTModemControlClear                    0x00002c49   Thumb Code    12  uart.o(.text)
    UARTModemControlGet                      0x00002c55   Thumb Code    10  uart.o(.text)
    UARTModemStatusGet                       0x00002c5f   Thumb Code    12  uart.o(.text)
    UARTFlowControlSet                       0x00002c6b   Thumb Code    12  uart.o(.text)
    UARTFlowControlGet                       0x00002c77   Thumb Code    10  uart.o(.text)
    UARTTxIntModeSet                         0x00002c81   Thumb Code    12  uart.o(.text)
    UARTTxIntModeGet                         0x00002c8d   Thumb Code    10  uart.o(.text)
    UARTCharsAvail                           0x00002c97   Thumb Code    12  uart.o(.text)
    UARTSpaceAvail                           0x00002ca3   Thumb Code    12  uart.o(.text)
    UARTCharGetNonBlocking                   0x00002caf   Thumb Code    20  uart.o(.text)
    UARTCharGet                              0x00002cc3   Thumb Code    16  uart.o(.text)
    UARTCharPutNonBlocking                   0x00002cd3   Thumb Code    20  uart.o(.text)
    UARTCharPut                              0x00002ce7   Thumb Code    14  uart.o(.text)
    UARTBreakCtl                             0x00002cf5   Thumb Code    20  uart.o(.text)
    UARTBusy                                 0x00002d09   Thumb Code    10  uart.o(.text)
    UARTIntRegister                          0x00002d13   Thumb Code    30  uart.o(.text)
    UARTIntUnregister                        0x00002d31   Thumb Code    26  uart.o(.text)
    UARTIntEnable                            0x00002d4b   Thumb Code     8  uart.o(.text)
    UARTIntDisable                           0x00002d53   Thumb Code     8  uart.o(.text)
    UARTIntStatus                            0x00002d5b   Thumb Code    12  uart.o(.text)
    UARTIntClear                             0x00002d67   Thumb Code     4  uart.o(.text)
    UARTDMAEnable                            0x00002d6b   Thumb Code     8  uart.o(.text)
    UARTDMADisable                           0x00002d73   Thumb Code     8  uart.o(.text)
    UARTRxErrorGet                           0x00002d7b   Thumb Code    10  uart.o(.text)
    UARTRxErrorClear                         0x00002d85   Thumb Code     6  uart.o(.text)
    UARTClockSourceSet                       0x00002d8b   Thumb Code     8  uart.o(.text)
    UARTClockSourceGet                       0x00002d93   Thumb Code    10  uart.o(.text)
    UART9BitEnable                           0x00002d9d   Thumb Code    14  uart.o(.text)
    UART9BitDisable                          0x00002dab   Thumb Code    14  uart.o(.text)
    UART9BitAddrSet                          0x00002db9   Thumb Code    10  uart.o(.text)
    UART9BitAddrSend                         0x00002dc3   Thumb Code    40  uart.o(.text)
    UARTStdioConfig                          0x00002df1   Thumb Code    68  uartstdio.o(.text)
    UARTStdioInit                            0x00002e35   Thumb Code    24  uartstdio.o(.text)
    UARTStdioInitExpClk                      0x00002e4d   Thumb Code    24  uartstdio.o(.text)
    UARTwrite                                0x00002e65   Thumb Code    46  uartstdio.o(.text)
    UARTgets                                 0x00002e93   Thumb Code   126  uartstdio.o(.text)
    UARTgetc                                 0x00002f11   Thumb Code    14  uartstdio.o(.text)
    UARTprintf                               0x00002f1f   Thumb Code   598  uartstdio.o(.text)
    __use_two_region_memory                  0x0000319d   Thumb Code     2  heapauxi.o(.text)
    __rt_heap_escrow$2region                 0x0000319f   Thumb Code     2  heapauxi.o(.text)
    __rt_heap_expand$2region                 0x000031a1   Thumb Code     2  heapauxi.o(.text)
    __user_setup_stackheap                   0x000031a3   Thumb Code    74  sys_stackheap_outer.o(.text)
    exit                                     0x000031ed   Thumb Code    12  exit.o(.text)
    __user_libspace                          0x000031f9   Thumb Code     8  libspace.o(.text)
    __user_perproc_libspace                  0x000031f9   Thumb Code     0  libspace.o(.text)
    __user_perthread_libspace                0x000031f9   Thumb Code     0  libspace.o(.text)
    _sys_exit                                0x00003201   Thumb Code     8  sys_exit.o(.text)
    __I$use$semihosting                      0x0000320d   Thumb Code     0  use_no_semi.o(.text)
    __use_no_semihosting_swi                 0x0000320d   Thumb Code     2  use_no_semi.o(.text)
    __semihosting_library_function           0x0000320f   Thumb Code     0  indicate_semi.o(.text)
    __aeabi_d2uiz                            0x00003211   Thumb Code     0  dfixu.o(x$fpl$dfixu)
    _dfixu                                   0x00003211   Thumb Code    90  dfixu.o(x$fpl$dfixu)
    __aeabi_ui2d                             0x0000326b   Thumb Code     0  dflt_clz.o(x$fpl$dfltu)
    _dfltu                                   0x0000326b   Thumb Code    38  dflt_clz.o(x$fpl$dfltu)
    __aeabi_dmul                             0x00003291   Thumb Code     0  dmul.o(x$fpl$dmul)
    _dmul                                    0x00003291   Thumb Code   332  dmul.o(x$fpl$dmul)
    __fpl_dnaninf                            0x000033e5   Thumb Code   156  dnaninf.o(x$fpl$dnaninf)
    __fpl_dretinf                            0x00003481   Thumb Code    12  dretinf.o(x$fpl$dretinf)
    _fp_init                                 0x0000348d   Thumb Code    10  fpinit.o(x$fpl$fpinit)
    __fplib_config_fpu_vfp                   0x00003495   Thumb Code     0  fpinit.o(x$fpl$fpinit)
    __fplib_config_pureend_doubles           0x00003495   Thumb Code     0  fpinit.o(x$fpl$fpinit)
    __I$use$fp                               0x00003496   Number         0  usenofp.o(x$fpl$usenofp)
    Region$$Table$$Base                      0x000038b8   Number         0  anon$$obj.o(Region$$Table)
    Region$$Table$$Limit                     0x000038d8   Number         0  anon$$obj.o(Region$$Table)
    sagMotorHizi                             0x20000000   Data           4  sonrobot.o(.data)
    solMotorHizi                             0x20000004   Data           4  sonrobot.o(.data)
    i1                                       0x20000008   Data           1  sonrobot.o(.data)
    k                                        0x20000009   Data           1  sonrobot.o(.data)
    run                                      0x2000000a   Data           1  sonrobot.o(.data)
    a1                                       0x2000000b   Data           1  sonrobot.o(.data)
    b1                                       0x2000000c   Data           1  sonrobot.o(.data)
    sayac1                                   0x20000010   Data           4  sonrobot.o(.data)
    sayac2                                   0x20000014   Data           4  sonrobot.o(.data)
    kont                                     0x20000018   Data           4  sonrobot.o(.data)
    say1                                     0x2000001c   Data           4  sonrobot.o(.data)
    say2                                     0x20000020   Data           4  sonrobot.o(.data)
    ulPeriod                                 0x20000024   Data           4  sonrobot.o(.data)
    uzak                                     0x20000028   Data           4  sonrobot.o(.data)
    f1                                       0x2000002c   Data           4  sonrobot.o(.data)
    f2                                       0x20000030   Data           4  sonrobot.o(.data)
    f3                                       0x20000034   Data           4  sonrobot.o(.data)
    dutyCycle3                               0x20000038   Data           4  sonrobot.o(.data)
    dutyCycle4                               0x2000003c   Data           4  sonrobot.o(.data)
    hiz                                      0x20000040   Data           4  sonrobot.o(.data)
    hiz1                                     0x20000044   Data           4  sonrobot.o(.data)
    i                                        0x20000048   Data           1  sonrobot.o(.data)
    u                                        0x20000049   Data           1  sonrobot.o(.data)
    p                                        0x2000004a   Data           1  sonrobot.o(.data)
    run1                                     0x2000004b   Data           1  sonrobot.o(.data)
    t                                        0x2000004c   Data           4  sonrobot.o(.data)
    t1                                       0x20000050   Data           4  sonrobot.o(.data)
    seri                                     0x20000054   Data           4  sonrobot.o(.data)
    u1                                       0x20000058   Data           4  sonrobot.o(.data)
    Period                                   0x2000005c   Data           4  sonrobot.o(.data)
    i_m                                      0x20000060   Data           4  sonrobot.o(.data)
    oku_say                                  0x20000064   Data           4  sonrobot.o(.data)
    sag_motor                                0x20000068   Data           4  sonrobot.o(.data)
    sol_motor                                0x2000006c   Data           4  sonrobot.o(.data)
    ulADC0_Value                             0x2000066c   Data          20  sonrobot.o(.bss)
    a                                        0x20000680   Data          10  sonrobot.o(.bss)
    ch                                       0x2000068a   Data          20  sonrobot.o(.bss)
    ulADC1_Value                             0x200006a0   Data          20  sonrobot.o(.bss)
    __libspace_start                         0x200006b4   Data          96  libspace.o(.bss)
    __temporary_stack_top$libspace           0x20000714   Data           0  libspace.o(.bss)



==============================================================================

Memory Map of the image

  Image Entry point : 0x0000026d

  Load Region LR_1 (Base: 0x00000000, Size: 0x00003f44, Max: 0xffffffff, ABSOLUTE, COMPRESSED[0x000038f0])

    Execution Region ER_RO (Base: 0x00000000, Size: 0x000038d8, Max: 0xffffffff, ABSOLUTE)

    Base Addr    Size         Type   Attr      Idx    E Section Name        Object

    0x00000000   0x00000284   Code   RO            3  * RESET               startup.o
    0x00000284   0x00000008   Code   RO          639  * !!!main             c_w.l(__main.o)
    0x0000028c   0x00000034   Code   RO          812    !!!scatter          c_w.l(__scatter.o)
    0x000002c0   0x0000003a   Code   RO          810    !!dczerorl          c_w.l(__dczerorl.o)
    0x000002fa   0x00000002   PAD
    0x000002fc   0x0000001c   Code   RO          814    !!handler_zi        c_w.l(__scatter_zi.o)
    0x00000318   0x00000002   Code   RO          683    .ARM.Collect$$libinit$$00000000  c_w.l(libinit.o)
    0x0000031a   0x00000004   Code   RO          689    .ARM.Collect$$libinit$$00000001  c_w.l(libinit2.o)
    0x0000031e   0x00000000   Code   RO          693    .ARM.Collect$$libinit$$00000008  c_w.l(libinit2.o)
    0x0000031e   0x00000000   Code   RO          695    .ARM.Collect$$libinit$$0000000A  c_w.l(libinit2.o)
    0x0000031e   0x00000000   Code   RO          697    .ARM.Collect$$libinit$$0000000C  c_w.l(libinit2.o)
    0x0000031e   0x00000000   Code   RO          700    .ARM.Collect$$libinit$$0000000F  c_w.l(libinit2.o)
    0x0000031e   0x00000000   Code   RO          702    .ARM.Collect$$libinit$$00000011  c_w.l(libinit2.o)
    0x0000031e   0x00000000   Code   RO          704    .ARM.Collect$$libinit$$00000013  c_w.l(libinit2.o)
    0x0000031e   0x00000000   Code   RO          706    .ARM.Collect$$libinit$$00000015  c_w.l(libinit2.o)
    0x0000031e   0x00000000   Code   RO          708    .ARM.Collect$$libinit$$00000017  c_w.l(libinit2.o)
    0x0000031e   0x00000000   Code   RO          710    .ARM.Collect$$libinit$$00000019  c_w.l(libinit2.o)
    0x0000031e   0x00000000   Code   RO          712    .ARM.Collect$$libinit$$0000001B  c_w.l(libinit2.o)
    0x0000031e   0x00000000   Code   RO          714    .ARM.Collect$$libinit$$0000001D  c_w.l(libinit2.o)
    0x0000031e   0x00000000   Code   RO          716    .ARM.Collect$$libinit$$0000001F  c_w.l(libinit2.o)
    0x0000031e   0x00000000   Code   RO          718    .ARM.Collect$$libinit$$00000021  c_w.l(libinit2.o)
    0x0000031e   0x00000000   Code   RO          720    .ARM.Collect$$libinit$$00000023  c_w.l(libinit2.o)
    0x0000031e   0x00000000   Code   RO          724    .ARM.Collect$$libinit$$0000002A  c_w.l(libinit2.o)
    0x0000031e   0x00000000   Code   RO          726    .ARM.Collect$$libinit$$0000002C  c_w.l(libinit2.o)
    0x0000031e   0x00000000   Code   RO          728    .ARM.Collect$$libinit$$0000002E  c_w.l(libinit2.o)
    0x0000031e   0x00000000   Code   RO          730    .ARM.Collect$$libinit$$00000030  c_w.l(libinit2.o)
    0x0000031e   0x00000002   Code   RO          731    .ARM.Collect$$libinit$$00000031  c_w.l(libinit2.o)
    0x00000320   0x00000002   Code   RO          751    .ARM.Collect$$libshutdown$$00000000  c_w.l(libshutdown.o)
    0x00000322   0x00000000   Code   RO          765    .ARM.Collect$$libshutdown$$00000003  c_w.l(libshutdown2.o)
    0x00000322   0x00000000   Code   RO          768    .ARM.Collect$$libshutdown$$00000006  c_w.l(libshutdown2.o)
    0x00000322   0x00000000   Code   RO          771    .ARM.Collect$$libshutdown$$00000009  c_w.l(libshutdown2.o)
    0x00000322   0x00000000   Code   RO          773    .ARM.Collect$$libshutdown$$0000000B  c_w.l(libshutdown2.o)
    0x00000322   0x00000000   Code   RO          776    .ARM.Collect$$libshutdown$$0000000E  c_w.l(libshutdown2.o)
    0x00000322   0x00000002   Code   RO          777    .ARM.Collect$$libshutdown$$0000000F  c_w.l(libshutdown2.o)
    0x00000324   0x00000000   Code   RO          653    .ARM.Collect$$rtentry$$00000000  c_w.l(rtentry.o)
    0x00000324   0x00000000   Code   RO          660    .ARM.Collect$$rtentry$$00000002  c_w.l(rtentry2.o)
    0x00000324   0x00000006   Code   RO          672    .ARM.Collect$$rtentry$$00000004  c_w.l(rtentry4.o)
    0x0000032a   0x00000000   Code   RO          662    .ARM.Collect$$rtentry$$00000009  c_w.l(rtentry2.o)
    0x0000032a   0x00000004   Code   RO          663    .ARM.Collect$$rtentry$$0000000A  c_w.l(rtentry2.o)
    0x0000032e   0x00000000   Code   RO          665    .ARM.Collect$$rtentry$$0000000C  c_w.l(rtentry2.o)
    0x0000032e   0x00000008   Code   RO          666    .ARM.Collect$$rtentry$$0000000D  c_w.l(rtentry2.o)
    0x00000336   0x00000002   Code   RO          687    .ARM.Collect$$rtexit$$00000000  c_w.l(rtexit.o)
    0x00000338   0x00000000   Code   RO          733    .ARM.Collect$$rtexit$$00000002  c_w.l(rtexit2.o)
    0x00000338   0x00000004   Code   RO          734    .ARM.Collect$$rtexit$$00000003  c_w.l(rtexit2.o)
    0x0000033c   0x00000006   Code   RO          735    .ARM.Collect$$rtexit$$00000004  c_w.l(rtexit2.o)
    0x00000342   0x00000002   PAD
    0x00000344   0x00000026   Code   RO          146    .emb_text           cpu.o
    0x0000036a   0x00000002   PAD
    0x0000036c   0x00000006   Code   RO          466    .emb_text           sysctl.o
    0x00000372   0x00000002   PAD
    0x00000374   0x00000018   Code   RO            4    .text               startup.o
    0x0000038c   0x00000ac4   Code   RO           11    .text               sonrobot.o
    0x00000e50   0x00000338   Code   RO           79    .text               adc.o
    0x00001188   0x000007e0   Code   RO          269    .text               gpio.o
    0x00001968   0x00000314   Code   RO          344    .text               interrupt.o
    0x00001c7c   0x00000ba0   Code   RO          467    .text               sysctl.o
    0x0000281c   0x000002cc   Code   RO          516    .text               timer.o
    0x00002ae8   0x00000308   Code   RO          536    .text               uart.o
    0x00002df0   0x000003ac   Code   RO          610    .text               uartstdio.o
    0x0000319c   0x00000006   Code   RO          637    .text               c_w.l(heapauxi.o)
    0x000031a2   0x0000004a   Code   RO          674    .text               c_w.l(sys_stackheap_outer.o)
    0x000031ec   0x0000000c   Code   RO          676    .text               c_w.l(exit.o)
    0x000031f8   0x00000008   Code   RO          684    .text               c_w.l(libspace.o)
    0x00003200   0x0000000c   Code   RO          743    .text               c_w.l(sys_exit.o)
    0x0000320c   0x00000002   Code   RO          754    .text               c_w.l(use_no_semi.o)
    0x0000320e   0x00000000   Code   RO          756    .text               c_w.l(indicate_semi.o)
    0x0000320e   0x00000002   PAD
    0x00003210   0x0000005a   Code   RO          641    x$fpl$dfixu         fz_wm.l(dfixu.o)
    0x0000326a   0x00000026   Code   RO          645    x$fpl$dfltu         fz_wm.l(dflt_clz.o)
    0x00003290   0x00000154   Code   RO          651    x$fpl$dmul          fz_wm.l(dmul.o)
    0x000033e4   0x0000009c   Code   RO          654    x$fpl$dnaninf       fz_wm.l(dnaninf.o)
    0x00003480   0x0000000c   Code   RO          656    x$fpl$dretinf       fz_wm.l(dretinf.o)
    0x0000348c   0x0000000a   Code   RO          741    x$fpl$fpinit        fz_wm.l(fpinit.o)
    0x00003496   0x00000000   Code   RO          658    x$fpl$usenofp       fz_wm.l(usenofp.o)
    0x00003496   0x00000002   PAD
    0x00003498   0x00000078   Data   RO          270    .constdata          gpio.o
    0x00003510   0x0000010c   Data   RO          345    .constdata          interrupt.o
    0x0000361c   0x000001cc   Data   RO          468    .constdata          sysctl.o
    0x000037e8   0x00000060   Data   RO          517    .constdata          timer.o
    0x00003848   0x00000040   Data   RO          537    .constdata          uart.o
    0x00003888   0x0000001c   Data   RO          611    .constdata          uartstdio.o
    0x000038a4   0x00000011   Data   RO          612    .conststring        uartstdio.o
    0x000038b5   0x00000003   PAD
    0x000038b8   0x00000020   Data   RO          808    Region$$Table       anon$$obj.o


    Execution Region ER_RW (Base: 0x20000000, Size: 0x0000066c, Max: 0xffffffff, ABSOLUTE, COMPRESSED[0x00000018])

    Base Addr    Size         Type   Attr      Idx    E Section Name        Object

    0x20000000   0x00000070   Data   RW           13    .data               sonrobot.o
    0x20000070   0x00000003   Data   RW           80    .data               adc.o
    0x20000073   0x00000001   PAD
    0x20000074   0x00000005   Data   RW          613    .data               uartstdio.o
    0x20000079   0x00000387   PAD
    0x20000400   0x0000026c   Data   RW          346    vtable              interrupt.o


    Execution Region ER_ZI (Base: 0x2000066c, Size: 0x000001ac, Max: 0xffffffff, ABSOLUTE)

    Base Addr    Size         Type   Attr      Idx    E Section Name        Object

    0x2000066c   0x00000048   Zero   RW           12    .bss                sonrobot.o
    0x200006b4   0x00000060   Zero   RW          685    .bss                c_w.l(libspace.o)
    0x20000714   0x00000004   PAD
    0x20000718   0x00000000   Zero   RW            2    HEAP                startup.o
    0x20000718   0x00000100   Zero   RW            1    STACK               startup.o


==============================================================================

Image component sizes


      Code (inc. data)   RO Data    RW Data    ZI Data      Debug   Object Name

       824          8          0          3          0       9095   adc.o
        38          0          0          0          0        520   cpu.o
      2016         58        120          0          0      10761   gpio.o
       788         40        268        620          0       4129   interrupt.o
      2756        308          0        112         72      10435   sonrobot.o
       668        638          0          0        256        336   startup.o
      2982        188        460          0          0      11708   sysctl.o
       716          4         96          0          0       8095   timer.o
       776          6         64          0          0       9900   uart.o
       940         40         45          5          0       3963   uartstdio.o

    ----------------------------------------------------------------------
     12508       1290       1088       1644        328      68942   Object Totals
         0          0         32          0          0          0   (incl. Generated)
         4          0          3        904          0          0   (incl. Padding)

    ----------------------------------------------------------------------

      Code (inc. data)   RO Data    RW Data    ZI Data      Debug   Library Member Name

        58          0          0          0          0          0   __dczerorl.o
         8          0          0          0          0         68   __main.o
        52          8          0          0          0          0   __scatter.o
        28          0          0          0          0          0   __scatter_zi.o
        12          0          0          0          0         72   exit.o
         6          0          0          0          0        152   heapauxi.o
         0          0          0          0          0          0   indicate_semi.o
         2          0          0          0          0          0   libinit.o
         6          0          0          0          0          0   libinit2.o
         2          0          0          0          0          0   libshutdown.o
         2          0          0          0          0          0   libshutdown2.o
         8          4          0          0         96         68   libspace.o
         0          0          0          0          0          0   rtentry.o
        12          0          0          0          0          0   rtentry2.o
         6          0          0          0          0          0   rtentry4.o
         2          0          0          0          0          0   rtexit.o
        10          0          0          0          0          0   rtexit2.o
        12          4          0          0          0         68   sys_exit.o
        74          0          0          0          0         80   sys_stackheap_outer.o
         2          0          0          0          0         68   use_no_semi.o
        90          4          0          0          0        140   dfixu.o
        38          0          0          0          0        116   dflt_clz.o
       340         12          0          0          0        152   dmul.o
       156          4          0          0          0        140   dnaninf.o
        12          0          0          0          0        116   dretinf.o
        10          0          0          0          0        116   fpinit.o
         0          0          0          0          0          0   usenofp.o

    ----------------------------------------------------------------------
       956         36          0          0        100       1356   Library Totals
         8          0          0          0          4          0   (incl. Padding)

    ----------------------------------------------------------------------

      Code (inc. data)   RO Data    RW Data    ZI Data      Debug   Library Name

       302         16          0          0         96        576   c_w.l
       646         20          0          0          0        780   fz_wm.l

    ----------------------------------------------------------------------
       956         36          0          0        100       1356   Library Totals

    ----------------------------------------------------------------------

==============================================================================


      Code (inc. data)   RO Data    RW Data    ZI Data      Debug   

     13464       1326       1088       1644        428      67138   Grand Totals
     13464       1326       1088         24        428      67138   ELF Image Totals (compressed)
     13464       1326       1088         24          0          0   ROM Totals

==============================================================================

    Total RO  Size (Code + RO Data)                14552 (  14.21kB)
    Total RW  Size (RW Data + ZI Data)              2072 (   2.02kB)
    Total ROM Size (Code + RO Data + RW Data)      14576 (  14.23kB)

==============================================================================

