ARM Linker, 5.03 [Build 24] [MDK-ARM Lite]

==============================================================================

Section Cross References

    startup.o(STACK) refers (Special) to heapauxi.o(.text) for __use_two_region_memory
    startup.o(HEAP) refers (Special) to heapauxi.o(.text) for __use_two_region_memory
    startup.o(RESET) refers (Special) to heapauxi.o(.text) for __use_two_region_memory
    startup.o(RESET) refers to startup.o(STACK) for StackMem
    startup.o(RESET) refers to robot.o(.text) for UARTIntHandler
    startup.o(RESET) refers to __main.o(!!!main) for __main
    startup.o(.text) refers (Special) to heapauxi.o(.text) for __use_two_region_memory
    startup.o(.text) refers to startup.o(HEAP) for HeapMem
    startup.o(.text) refers to startup.o(STACK) for StackMem
    robot.o(.text) refers to uart.o(.text) for UARTIntStatus
    robot.o(.text) refers to uartstdio.o(.text) for UARTprintf
    robot.o(.text) refers to gpio.o(.text) for GPIOPinWrite
    robot.o(.text) refers to sysctl.o(.emb_text) for SysCtlDelay
    robot.o(.text) refers to adc.o(.text) for ADCProcessorTrigger
    robot.o(.text) refers to timer.o(.text) for TimerMatchSet
    robot.o(.text) refers to dflt_clz.o(x$fpl$dfltu) for __aeabi_ui2d
    robot.o(.text) refers to dmul.o(x$fpl$dmul) for __aeabi_dmul
    robot.o(.text) refers to dfixu.o(x$fpl$dfixu) for __aeabi_d2uiz
    robot.o(.text) refers to dflt_clz.o(x$fpl$dflt) for __aeabi_i2d
    robot.o(.text) refers to daddsub_clz.o(x$fpl$dadd) for __aeabi_dadd
    robot.o(.text) refers to robot.o(.data) for i
    robot.o(.text) refers to robot.o(.bss) for ulADC0_Value
    robot.o(.text) refers to sysctl.o(.text) for SysCtlClockSet
    robot.o(.text) refers to interrupt.o(.text) for IntEnable
    adc.o(.text) refers to interrupt.o(.text) for IntRegister
    adc.o(.text) refers to adc.o(.data) for g_pucOversampleFactor
    can.o(.text) refers to interrupt.o(.text) for IntDisable
    can.o(.text) refers to can.o(.constdata) for g_usCANBitValues
    comp.o(.text) refers to interrupt.o(.text) for IntRegister
    eeprom.o(.text) refers to sysctl.o(.emb_text) for SysCtlDelay
    eeprom.o(.text) refers to sysctl.o(.text) for SysCtlPeripheralReset
    epi.o(.text) refers to interrupt.o(.text) for IntRegister
    ethernet.o(.text) refers to interrupt.o(.text) for IntRegister
    fan.o(.text) refers to interrupt.o(.text) for IntRegister
    flash.o(.text) refers to interrupt.o(.text) for IntRegister
    flash.o(.text) refers to flash.o(.constdata) for g_pulFMPRERegs
    gpio.o(.text) refers to interrupt.o(.text) for IntRegister
    gpio.o(.text) refers to gpio.o(.constdata) for g_pulGPIOBaseAddrs
    hibernate.o(.text) refers to sysctl.o(.emb_text) for SysCtlDelay
    hibernate.o(.text) refers to interrupt.o(.text) for IntRegister
    hibernate.o(.text) refers to hibernate.o(.data) for g_ulWriteDelay
    i2c.o(.text) refers to interrupt.o(.text) for IntRegister
    i2c.o(.text) refers to i2c.o(.constdata) for g_ppulI2CIntMap
    i2s.o(.text) refers to interrupt.o(.text) for IntRegister
    interrupt.o(.text) refers to cpu.o(.emb_text) for CPUcpsie
    interrupt.o(.text) refers to interrupt.o(vtable) for g_pfnRAMVectors
    interrupt.o(.text) refers to interrupt.o(.constdata) for g_pulPriority
    lpc.o(.text) refers to interrupt.o(.text) for IntRegister
    mpu.o(.text) refers to interrupt.o(.text) for IntRegister
    peci.o(.text) refers to interrupt.o(.text) for IntRegister
    pwm.o(.text) refers to interrupt.o(.text) for IntRegister
    qei.o(.text) refers to interrupt.o(.text) for IntRegister
    ssi.o(.text) refers to interrupt.o(.text) for IntRegister
    ssi.o(.text) refers to ssi.o(.constdata) for g_ppulSSIIntMap
    sysctl.o(.text) refers to sysctl.o(.constdata) for g_ppulPeripheralMap
    sysctl.o(.text) refers to interrupt.o(.text) for IntRegister
    sysctl.o(.text) refers to cpu.o(.emb_text) for CPUwfi
    sysctl.o(.text) refers to sysctl.o(.emb_text) for SysCtlDelay
    sysexc.o(.text) refers to interrupt.o(.text) for IntRegister
    systick.o(.text) refers to interrupt.o(.text) for IntRegister
    timer.o(.text) refers to interrupt.o(.text) for IntRegister
    timer.o(.text) refers to timer.o(.constdata) for g_ppulTimerIntMap
    uart.o(.text) refers to interrupt.o(.text) for IntRegister
    uart.o(.text) refers to uart.o(.constdata) for g_ppulUARTIntMap
    udma.o(.text) refers to interrupt.o(.text) for IntRegister
    usb.o(.text) refers to interrupt.o(.text) for IntRegister
    watchdog.o(.text) refers to interrupt.o(.text) for IntRegister
    uartstdio.o(.text) refers to sysctl.o(.text) for SysCtlPeripheralPresent
    uartstdio.o(.text) refers to uart.o(.text) for UARTConfigSetExpClk
    uartstdio.o(.text) refers to uartstdio.o(.constdata) for g_ulUARTPeriph
    uartstdio.o(.text) refers to uartstdio.o(.data) for g_ulBase
    uartstdio.o(.constdata) refers to uartstdio.o(.conststring) for .conststring
    __main.o(!!!main) refers to rtentry.o(.ARM.Collect$$rtentry$$00000000) for __rt_entry
    daddsub_clz.o(x$fpl$dadd) refers (Special) to usenofp.o(x$fpl$usenofp) for __I$use$fp
    daddsub_clz.o(x$fpl$dadd) refers to daddsub_clz.o(x$fpl$dsub) for _dsub1
    daddsub_clz.o(x$fpl$dadd) refers to dretinf.o(x$fpl$dretinf) for __fpl_dretinf
    daddsub_clz.o(x$fpl$dadd) refers to dnaninf.o(x$fpl$dnaninf) for __fpl_dnaninf
    daddsub_clz.o(x$fpl$drsb) refers (Special) to usenofp.o(x$fpl$usenofp) for __I$use$fp
    daddsub_clz.o(x$fpl$drsb) refers to daddsub_clz.o(x$fpl$dadd) for _dadd1
    daddsub_clz.o(x$fpl$drsb) refers to daddsub_clz.o(x$fpl$dsub) for _dsub1
    daddsub_clz.o(x$fpl$dsub) refers (Special) to usenofp.o(x$fpl$usenofp) for __I$use$fp
    daddsub_clz.o(x$fpl$dsub) refers to daddsub_clz.o(x$fpl$dadd) for _dadd1
    daddsub_clz.o(x$fpl$dsub) refers to dnaninf.o(x$fpl$dnaninf) for __fpl_dnaninf
    dfixu.o(x$fpl$dfixu) refers (Special) to usenofp.o(x$fpl$usenofp) for __I$use$fp
    dfixu.o(x$fpl$dfixu) refers to dnaninf.o(x$fpl$dnaninf) for __fpl_dnaninf
    dfixu.o(x$fpl$dfixur) refers (Special) to usenofp.o(x$fpl$usenofp) for __I$use$fp
    dfixu.o(x$fpl$dfixur) refers to dnaninf.o(x$fpl$dnaninf) for __fpl_dnaninf
    dflt_clz.o(x$fpl$dfltu) refers (Special) to usenofp.o(x$fpl$usenofp) for __I$use$fp
    dflt_clz.o(x$fpl$dflt) refers (Special) to usenofp.o(x$fpl$usenofp) for __I$use$fp
    dflt_clz.o(x$fpl$dfltn) refers (Special) to usenofp.o(x$fpl$usenofp) for __I$use$fp
    dmul.o(x$fpl$dmul) refers (Special) to usenofp.o(x$fpl$usenofp) for __I$use$fp
    dmul.o(x$fpl$dmul) refers to dretinf.o(x$fpl$dretinf) for __fpl_dretinf
    dmul.o(x$fpl$dmul) refers to dnaninf.o(x$fpl$dnaninf) for __fpl_dnaninf
    rtentry.o(.ARM.Collect$$rtentry$$00000000) refers (Special) to rtentry2.o(.ARM.Collect$$rtentry$$0000000A) for __rt_entry_li
    rtentry.o(.ARM.Collect$$rtentry$$00000000) refers (Special) to rtentry2.o(.ARM.Collect$$rtentry$$0000000D) for __rt_entry_main
    rtentry.o(.ARM.Collect$$rtentry$$00000000) refers (Special) to rtentry2.o(.ARM.Collect$$rtentry$$0000000C) for __rt_entry_postli_1
    rtentry.o(.ARM.Collect$$rtentry$$00000000) refers (Special) to rtentry2.o(.ARM.Collect$$rtentry$$00000009) for __rt_entry_postsh_1
    rtentry.o(.ARM.Collect$$rtentry$$00000000) refers (Special) to rtentry2.o(.ARM.Collect$$rtentry$$00000002) for __rt_entry_presh_1
    rtentry.o(.ARM.Collect$$rtentry$$00000000) refers (Special) to rtentry4.o(.ARM.Collect$$rtentry$$00000004) for __rt_entry_sh
    dnaninf.o(x$fpl$dnaninf) refers (Special) to usenofp.o(x$fpl$usenofp) for __I$use$fp
    dretinf.o(x$fpl$dretinf) refers (Special) to usenofp.o(x$fpl$usenofp) for __I$use$fp
    rtentry2.o(.ARM.Collect$$rtentry$$00000008) refers to boardinit2.o(.text) for _platform_post_stackheap_init
    rtentry2.o(.ARM.Collect$$rtentry$$0000000A) refers to libinit.o(.ARM.Collect$$libinit$$00000000) for __rt_lib_init
    rtentry2.o(.ARM.Collect$$rtentry$$0000000B) refers to boardinit3.o(.text) for _platform_post_lib_init
    rtentry2.o(.ARM.Collect$$rtentry$$0000000D) refers to robot.o(.text) for main
    rtentry2.o(.ARM.Collect$$rtentry$$0000000D) refers to exit.o(.text) for exit
    rtentry2.o(.ARM.exidx) refers to rtentry2.o(.ARM.Collect$$rtentry$$00000001) for .ARM.Collect$$rtentry$$00000001
    rtentry2.o(.ARM.exidx) refers to rtentry2.o(.ARM.Collect$$rtentry$$00000008) for .ARM.Collect$$rtentry$$00000008
    rtentry2.o(.ARM.exidx) refers to rtentry2.o(.ARM.Collect$$rtentry$$0000000A) for .ARM.Collect$$rtentry$$0000000A
    rtentry2.o(.ARM.exidx) refers to rtentry2.o(.ARM.Collect$$rtentry$$0000000B) for .ARM.Collect$$rtentry$$0000000B
    rtentry2.o(.ARM.exidx) refers to rtentry2.o(.ARM.Collect$$rtentry$$0000000D) for .ARM.Collect$$rtentry$$0000000D
    rtentry4.o(.ARM.Collect$$rtentry$$00000004) refers to sys_stackheap_outer.o(.text) for __user_setup_stackheap
    rtentry4.o(.ARM.exidx) refers to rtentry4.o(.ARM.Collect$$rtentry$$00000004) for .ARM.Collect$$rtentry$$00000004
    sys_stackheap_outer.o(.text) refers to libspace.o(.text) for __user_perproc_libspace
    sys_stackheap_outer.o(.text) refers to startup.o(.text) for __user_initial_stackheap
    exit.o(.text) refers to rtexit.o(.ARM.Collect$$rtexit$$00000000) for __rt_exit
    libinit.o(.ARM.Collect$$libinit$$00000000) refers (Special) to libinit2.o(.ARM.Collect$$libinit$$0000002C) for __rt_lib_init_alloca_1
    libinit.o(.ARM.Collect$$libinit$$00000000) refers (Special) to libinit2.o(.ARM.Collect$$libinit$$0000002A) for __rt_lib_init_argv_1
    libinit.o(.ARM.Collect$$libinit$$00000000) refers (Special) to libinit2.o(.ARM.Collect$$libinit$$00000019) for __rt_lib_init_atexit_1
    libinit.o(.ARM.Collect$$libinit$$00000000) refers (Special) to libinit2.o(.ARM.Collect$$libinit$$0000001F) for __rt_lib_init_clock_1
    libinit.o(.ARM.Collect$$libinit$$00000000) refers (Special) to libinit2.o(.ARM.Collect$$libinit$$00000030) for __rt_lib_init_cpp_1
    libinit.o(.ARM.Collect$$libinit$$00000000) refers (Special) to libinit2.o(.ARM.Collect$$libinit$$0000002E) for __rt_lib_init_exceptions_1
    libinit.o(.ARM.Collect$$libinit$$00000000) refers (Special) to libinit2.o(.ARM.Collect$$libinit$$00000001) for __rt_lib_init_fp_1
    libinit.o(.ARM.Collect$$libinit$$00000000) refers (Special) to libinit2.o(.ARM.Collect$$libinit$$0000001D) for __rt_lib_init_fp_trap_1
    libinit.o(.ARM.Collect$$libinit$$00000000) refers (Special) to libinit2.o(.ARM.Collect$$libinit$$00000021) for __rt_lib_init_getenv_1
    libinit.o(.ARM.Collect$$libinit$$00000000) refers (Special) to libinit2.o(.ARM.Collect$$libinit$$00000008) for __rt_lib_init_heap_1
    libinit.o(.ARM.Collect$$libinit$$00000000) refers (Special) to libinit2.o(.ARM.Collect$$libinit$$0000000F) for __rt_lib_init_lc_collate_1
    libinit.o(.ARM.Collect$$libinit$$00000000) refers (Special) to libinit2.o(.ARM.Collect$$libinit$$00000011) for __rt_lib_init_lc_ctype_1
    libinit.o(.ARM.Collect$$libinit$$00000000) refers (Special) to libinit2.o(.ARM.Collect$$libinit$$00000013) for __rt_lib_init_lc_monetary_1
    libinit.o(.ARM.Collect$$libinit$$00000000) refers (Special) to libinit2.o(.ARM.Collect$$libinit$$00000015) for __rt_lib_init_lc_numeric_1
    libinit.o(.ARM.Collect$$libinit$$00000000) refers (Special) to libinit2.o(.ARM.Collect$$libinit$$00000017) for __rt_lib_init_lc_time_1
    libinit.o(.ARM.Collect$$libinit$$00000000) refers (Special) to libinit2.o(.ARM.Collect$$libinit$$0000000C) for __rt_lib_init_rand_1
    libinit.o(.ARM.Collect$$libinit$$00000000) refers (Special) to libinit2.o(.ARM.Collect$$libinit$$00000031) for __rt_lib_init_return
    libinit.o(.ARM.Collect$$libinit$$00000000) refers (Special) to libinit2.o(.ARM.Collect$$libinit$$0000001B) for __rt_lib_init_signal_1
    libinit.o(.ARM.Collect$$libinit$$00000000) refers (Special) to libinit2.o(.ARM.Collect$$libinit$$00000023) for __rt_lib_init_stdio_1
    libinit.o(.ARM.Collect$$libinit$$00000000) refers (Special) to libinit2.o(.ARM.Collect$$libinit$$0000000A) for __rt_lib_init_user_alloc_1
    libspace.o(.text) refers to libspace.o(.bss) for __libspace_start
    rtexit.o(.ARM.Collect$$rtexit$$00000000) refers (Special) to rtexit2.o(.ARM.Collect$$rtexit$$00000004) for __rt_exit_exit
    rtexit.o(.ARM.Collect$$rtexit$$00000000) refers (Special) to rtexit2.o(.ARM.Collect$$rtexit$$00000003) for __rt_exit_ls
    rtexit.o(.ARM.Collect$$rtexit$$00000000) refers (Special) to rtexit2.o(.ARM.Collect$$rtexit$$00000002) for __rt_exit_prels_1
    rtexit.o(.ARM.exidx) refers (Special) to rtexit2.o(.ARM.Collect$$rtexit$$00000004) for __rt_exit_exit
    rtexit.o(.ARM.exidx) refers (Special) to rtexit2.o(.ARM.Collect$$rtexit$$00000003) for __rt_exit_ls
    rtexit.o(.ARM.exidx) refers (Special) to rtexit2.o(.ARM.Collect$$rtexit$$00000002) for __rt_exit_prels_1
    rtexit.o(.ARM.exidx) refers to rtexit.o(.ARM.Collect$$rtexit$$00000000) for .ARM.Collect$$rtexit$$00000000
    libinit2.o(.ARM.Collect$$libinit$$00000001) refers to fpinit.o(x$fpl$fpinit) for _fp_init
    libinit2.o(.ARM.Collect$$libinit$$0000000E) refers to libinit2.o(.ARM.Collect$$libinit$$0000000D) for .ARM.Collect$$libinit$$0000000D
    libinit2.o(.ARM.Collect$$libinit$$00000010) refers to libinit2.o(.ARM.Collect$$libinit$$0000000D) for .ARM.Collect$$libinit$$0000000D
    libinit2.o(.ARM.Collect$$libinit$$00000012) refers to libinit2.o(.ARM.Collect$$libinit$$0000000D) for .ARM.Collect$$libinit$$0000000D
    libinit2.o(.ARM.Collect$$libinit$$00000014) refers to libinit2.o(.ARM.Collect$$libinit$$0000000D) for .ARM.Collect$$libinit$$0000000D
    libinit2.o(.ARM.Collect$$libinit$$00000016) refers to libinit2.o(.ARM.Collect$$libinit$$0000000D) for .ARM.Collect$$libinit$$0000000D
    libinit2.o(.ARM.Collect$$libinit$$00000024) refers to argv_veneer.o(.emb_text) for __ARM_argv_veneer
    libinit2.o(.ARM.Collect$$libinit$$00000025) refers to argv_veneer.o(.emb_text) for __ARM_argv_veneer
    rtexit2.o(.ARM.Collect$$rtexit$$00000003) refers to libshutdown.o(.ARM.Collect$$libshutdown$$00000000) for __rt_lib_shutdown
    rtexit2.o(.ARM.Collect$$rtexit$$00000004) refers to sys_exit.o(.text) for _sys_exit
    rtexit2.o(.ARM.exidx) refers to rtexit2.o(.ARM.Collect$$rtexit$$00000001) for .ARM.Collect$$rtexit$$00000001
    rtexit2.o(.ARM.exidx) refers to rtexit2.o(.ARM.Collect$$rtexit$$00000003) for .ARM.Collect$$rtexit$$00000003
    rtexit2.o(.ARM.exidx) refers to rtexit2.o(.ARM.Collect$$rtexit$$00000004) for .ARM.Collect$$rtexit$$00000004
    argv_veneer.o(.emb_text) refers to no_argv.o(.text) for __ARM_get_argv
    sys_exit.o(.text) refers (Special) to use_no_semi.o(.text) for __I$use$semihosting
    sys_exit.o(.text) refers (Special) to indicate_semi.o(.text) for __semihosting_library_function
    _get_argv_nomalloc.o(.text) refers (Special) to hrguard.o(.text) for __heap_region$guard
    _get_argv_nomalloc.o(.text) refers to defsig_rtmem_outer.o(.text) for __rt_SIGRTMEM
    _get_argv_nomalloc.o(.text) refers to sys_command.o(.text) for _sys_command_string
    libshutdown.o(.ARM.Collect$$libshutdown$$00000000) refers (Special) to libshutdown2.o(.ARM.Collect$$libshutdown$$00000006) for __rt_lib_shutdown_fp_trap_1
    libshutdown.o(.ARM.Collect$$libshutdown$$00000000) refers (Special) to libshutdown2.o(.ARM.Collect$$libshutdown$$0000000E) for __rt_lib_shutdown_heap_1
    libshutdown.o(.ARM.Collect$$libshutdown$$00000000) refers (Special) to libshutdown2.o(.ARM.Collect$$libshutdown$$0000000F) for __rt_lib_shutdown_return
    libshutdown.o(.ARM.Collect$$libshutdown$$00000000) refers (Special) to libshutdown2.o(.ARM.Collect$$libshutdown$$00000009) for __rt_lib_shutdown_signal_1
    libshutdown.o(.ARM.Collect$$libshutdown$$00000000) refers (Special) to libshutdown2.o(.ARM.Collect$$libshutdown$$00000003) for __rt_lib_shutdown_stdio_1
    libshutdown.o(.ARM.Collect$$libshutdown$$00000000) refers (Special) to libshutdown2.o(.ARM.Collect$$libshutdown$$0000000B) for __rt_lib_shutdown_user_alloc_1
    sys_command.o(.text) refers (Special) to use_no_semi.o(.text) for __I$use$semihosting
    sys_command.o(.text) refers (Special) to indicate_semi.o(.text) for __semihosting_library_function
    defsig_rtmem_outer.o(.text) refers to defsig_rtmem_inner.o(.text) for __rt_SIGRTMEM_inner
    defsig_rtmem_outer.o(.text) refers to defsig_exit.o(.text) for __sig_exit
    defsig_rtmem_formal.o(.text) refers to rt_raise.o(.text) for __rt_raise
    rt_raise.o(.text) refers to __raise.o(.text) for __raise
    rt_raise.o(.text) refers to sys_exit.o(.text) for _sys_exit
    defsig_exit.o(.text) refers to sys_exit.o(.text) for _sys_exit
    defsig_rtmem_inner.o(.text) refers to defsig_general.o(.text) for __default_signal_display
    __raise.o(.text) refers to defsig.o(CL$$defsig) for __default_signal_handler
    defsig_general.o(.text) refers to sys_wrch.o(.text) for _ttywrch
    sys_wrch.o(.text) refers (Special) to use_no_semi.o(.text) for __I$use$semihosting
    sys_wrch.o(.text) refers (Special) to indicate_semi.o(.text) for __semihosting_library_function
    defsig.o(CL$$defsig) refers to defsig_rtmem_inner.o(.text) for __rt_SIGRTMEM_inner
    defsig_abrt_inner.o(.text) refers to defsig_general.o(.text) for __default_signal_display
    defsig_fpe_inner.o(.text) refers to defsig_general.o(.text) for __default_signal_display
    defsig_rtred_inner.o(.text) refers to defsig_general.o(.text) for __default_signal_display
    defsig_stak_inner.o(.text) refers to defsig_general.o(.text) for __default_signal_display
    defsig_pvfn_inner.o(.text) refers to defsig_general.o(.text) for __default_signal_display
    defsig_cppl_inner.o(.text) refers to defsig_general.o(.text) for __default_signal_display
    defsig_segv_inner.o(.text) refers to defsig_general.o(.text) for __default_signal_display
    defsig_other.o(.text) refers to defsig_general.o(.text) for __default_signal_display


==============================================================================

Removing Unused input sections from the image.

    Removing can.o(.text), (2204 bytes).
    Removing can.o(.constdata), (32 bytes).
    Removing comp.o(.text), (162 bytes).
    Removing eeprom.o(.text), (904 bytes).
    Removing epi.o(.text), (432 bytes).
    Removing ethernet.o(.text), (952 bytes).
    Removing fan.o(.text), (252 bytes).
    Removing flash.o(.text), (1008 bytes).
    Removing flash.o(.constdata), (32 bytes).
    Removing fpu.o(.text), (164 bytes).
    Removing hibernate.o(.text), (732 bytes).
    Removing hibernate.o(.data), (4 bytes).
    Removing i2c.o(.text), (688 bytes).
    Removing i2c.o(.constdata), (48 bytes).
    Removing i2s.o(.text), (572 bytes).
    Removing lpc.o(.text), (742 bytes).
    Removing mpu.o(.text), (176 bytes).
    Removing peci.o(.text), (680 bytes).
    Removing pwm.o(.text), (768 bytes).
    Removing qei.o(.text), (220 bytes).
    Removing ssi.o(.text), (368 bytes).
    Removing ssi.o(.constdata), (32 bytes).
    Removing sysctl.o(.data), (13 bytes).
    Removing sysexc.o(.text), (88 bytes).
    Removing systick.o(.text), (156 bytes).
    Removing udma.o(.text), (800 bytes).
    Removing usb.o(.text), (3092 bytes).
    Removing watchdog.o(.text), (216 bytes).

28 unused section(s) (total 15537 bytes) removed from the image.

==============================================================================

Image Symbol Table

    Local Symbols

    Symbol Name                              Value     Ov Type        Size  Object(Section)

    RESET                                    0x00000000   Section      648  startup.o(RESET)
    ../clib/angel/boardlib.s                 0x00000000   Number         0  boardinit2.o ABSOLUTE
    ../clib/angel/boardlib.s                 0x00000000   Number         0  boardinit3.o ABSOLUTE
    ../clib/angel/boardlib.s                 0x00000000   Number         0  boardinit1.o ABSOLUTE
    ../clib/angel/boardlib.s                 0x00000000   Number         0  boardshut.o ABSOLUTE
    ../clib/angel/dczerorl.s                 0x00000000   Number         0  __dczerorl.o ABSOLUTE
    ../clib/angel/handlers.s                 0x00000000   Number         0  __scatter_zi.o ABSOLUTE
    ../clib/angel/kernel.s                   0x00000000   Number         0  rtentry.o ABSOLUTE
    ../clib/angel/kernel.s                   0x00000000   Number         0  rtexit2.o ABSOLUTE
    ../clib/angel/kernel.s                   0x00000000   Number         0  rtexit.o ABSOLUTE
    ../clib/angel/kernel.s                   0x00000000   Number         0  rtentry4.o ABSOLUTE
    ../clib/angel/kernel.s                   0x00000000   Number         0  rtentry2.o ABSOLUTE
    ../clib/angel/rt.s                       0x00000000   Number         0  rt_raise.o ABSOLUTE
    ../clib/angel/scatter.s                  0x00000000   Number         0  __scatter.o ABSOLUTE
    ../clib/angel/startup.s                  0x00000000   Number         0  __main.o ABSOLUTE
    ../clib/angel/sys.s                      0x00000000   Number         0  indicate_semi.o ABSOLUTE
    ../clib/angel/sys.s                      0x00000000   Number         0  use_no_semi.o ABSOLUTE
    ../clib/angel/sys.s                      0x00000000   Number         0  libspace.o ABSOLUTE
    ../clib/angel/sys.s                      0x00000000   Number         0  sys_stackheap_outer.o ABSOLUTE
    ../clib/angel/sysapp.c                   0x00000000   Number         0  sys_wrch.o ABSOLUTE
    ../clib/angel/sysapp.c                   0x00000000   Number         0  sys_command.o ABSOLUTE
    ../clib/angel/sysapp.c                   0x00000000   Number         0  sys_exit.o ABSOLUTE
    ../clib/armsys.c                         0x00000000   Number         0  argv_veneer.o ABSOLUTE
    ../clib/armsys.c                         0x00000000   Number         0  no_argv.o ABSOLUTE
    ../clib/armsys.c                         0x00000000   Number         0  _get_argv_nomalloc.o ABSOLUTE
    ../clib/armsys.c                         0x00000000   Number         0  argv_veneer.o ABSOLUTE
    ../clib/heapalloc.c                      0x00000000   Number         0  hrguard.o ABSOLUTE
    ../clib/heapaux.c                        0x00000000   Number         0  heapauxi.o ABSOLUTE
    ../clib/libinit.s                        0x00000000   Number         0  libshutdown.o ABSOLUTE
    ../clib/libinit.s                        0x00000000   Number         0  libshutdown2.o ABSOLUTE
    ../clib/libinit.s                        0x00000000   Number         0  libinit2.o ABSOLUTE
    ../clib/libinit.s                        0x00000000   Number         0  libinit.o ABSOLUTE
    ../clib/signal.c                         0x00000000   Number         0  defsig_pvfn_inner.o ABSOLUTE
    ../clib/signal.c                         0x00000000   Number         0  defsig_segv_inner.o ABSOLUTE
    ../clib/signal.c                         0x00000000   Number         0  defsig_cppl_inner.o ABSOLUTE
    ../clib/signal.c                         0x00000000   Number         0  defsig_other.o ABSOLUTE
    ../clib/signal.c                         0x00000000   Number         0  defsig_stak_inner.o ABSOLUTE
    ../clib/signal.c                         0x00000000   Number         0  defsig_rtmem_formal.o ABSOLUTE
    ../clib/signal.c                         0x00000000   Number         0  defsig_rtred_inner.o ABSOLUTE
    ../clib/signal.c                         0x00000000   Number         0  defsig_abrt_inner.o ABSOLUTE
    ../clib/signal.c                         0x00000000   Number         0  defsig_fpe_inner.o ABSOLUTE
    ../clib/signal.c                         0x00000000   Number         0  defsig_general.o ABSOLUTE
    ../clib/signal.c                         0x00000000   Number         0  __raise.o ABSOLUTE
    ../clib/signal.c                         0x00000000   Number         0  defsig_rtmem_inner.o ABSOLUTE
    ../clib/signal.c                         0x00000000   Number         0  defsig_exit.o ABSOLUTE
    ../clib/signal.c                         0x00000000   Number         0  defsig_rtmem_outer.o ABSOLUTE
    ../clib/signal.s                         0x00000000   Number         0  defsig.o ABSOLUTE
    ../clib/stdlib.c                         0x00000000   Number         0  exit.o ABSOLUTE
    ../fplib/daddsub.s                       0x00000000   Number         0  daddsub_clz.o ABSOLUTE
    ../fplib/dfixu.s                         0x00000000   Number         0  dfixu.o ABSOLUTE
    ../fplib/dflt.s                          0x00000000   Number         0  dflt_clz.o ABSOLUTE
    ../fplib/dmul.s                          0x00000000   Number         0  dmul.o ABSOLUTE
    ../fplib/dnaninf.s                       0x00000000   Number         0  dnaninf.o ABSOLUTE
    ../fplib/dretinf.s                       0x00000000   Number         0  dretinf.o ABSOLUTE
    ../fplib/fpinit.s                        0x00000000   Number         0  fpinit.o ABSOLUTE
    ../fplib/usenofp.s                       0x00000000   Number         0  usenofp.o ABSOLUTE
    ..\\driver\\driverlib\\cpu.c             0x00000000   Number         0  cpu.o ABSOLUTE
    ..\\driver\\driverlib\\sysctl.c          0x00000000   Number         0  sysctl.o ABSOLUTE
    ..\driver\driverlib\adc.c                0x00000000   Number         0  adc.o ABSOLUTE
    ..\driver\driverlib\can.c                0x00000000   Number         0  can.o ABSOLUTE
    ..\driver\driverlib\comp.c               0x00000000   Number         0  comp.o ABSOLUTE
    ..\driver\driverlib\cpu.c                0x00000000   Number         0  cpu.o ABSOLUTE
    ..\driver\driverlib\eeprom.c             0x00000000   Number         0  eeprom.o ABSOLUTE
    ..\driver\driverlib\epi.c                0x00000000   Number         0  epi.o ABSOLUTE
    ..\driver\driverlib\ethernet.c           0x00000000   Number         0  ethernet.o ABSOLUTE
    ..\driver\driverlib\fan.c                0x00000000   Number         0  fan.o ABSOLUTE
    ..\driver\driverlib\flash.c              0x00000000   Number         0  flash.o ABSOLUTE
    ..\driver\driverlib\fpu.c                0x00000000   Number         0  fpu.o ABSOLUTE
    ..\driver\driverlib\gpio.c               0x00000000   Number         0  gpio.o ABSOLUTE
    ..\driver\driverlib\hibernate.c          0x00000000   Number         0  hibernate.o ABSOLUTE
    ..\driver\driverlib\i2c.c                0x00000000   Number         0  i2c.o ABSOLUTE
    ..\driver\driverlib\i2s.c                0x00000000   Number         0  i2s.o ABSOLUTE
    ..\driver\driverlib\interrupt.c          0x00000000   Number         0  interrupt.o ABSOLUTE
    ..\driver\driverlib\lpc.c                0x00000000   Number         0  lpc.o ABSOLUTE
    ..\driver\driverlib\mpu.c                0x00000000   Number         0  mpu.o ABSOLUTE
    ..\driver\driverlib\peci.c               0x00000000   Number         0  peci.o ABSOLUTE
    ..\driver\driverlib\pwm.c                0x00000000   Number         0  pwm.o ABSOLUTE
    ..\driver\driverlib\qei.c                0x00000000   Number         0  qei.o ABSOLUTE
    ..\driver\driverlib\ssi.c                0x00000000   Number         0  ssi.o ABSOLUTE
    ..\driver\driverlib\sysctl.c             0x00000000   Number         0  sysctl.o ABSOLUTE
    ..\driver\driverlib\sysexc.c             0x00000000   Number         0  sysexc.o ABSOLUTE
    ..\driver\driverlib\systick.c            0x00000000   Number         0  systick.o ABSOLUTE
    ..\driver\driverlib\timer.c              0x00000000   Number         0  timer.o ABSOLUTE
    ..\driver\driverlib\uart.c               0x00000000   Number         0  uart.o ABSOLUTE
    ..\driver\driverlib\udma.c               0x00000000   Number         0  udma.o ABSOLUTE
    ..\driver\driverlib\usb.c                0x00000000   Number         0  usb.o ABSOLUTE
    ..\driver\driverlib\watchdog.c           0x00000000   Number         0  watchdog.o ABSOLUTE
    ..\driver\utils\uartstdio.c              0x00000000   Number         0  uartstdio.o ABSOLUTE
    Startup.s                                0x00000000   Number         0  startup.o ABSOLUTE
    dc.s                                     0x00000000   Number         0  dc.o ABSOLUTE
    robot.c                                  0x00000000   Number         0  robot.o ABSOLUTE
    $v0                                      0x0000026c   Number         0  startup.o(RESET)
    NmiSR                                    0x00000281   Thumb Code     0  startup.o(RESET)
    FaultISR                                 0x00000283   Thumb Code     0  startup.o(RESET)
    IntDefaultHandler                        0x00000285   Thumb Code     0  startup.o(RESET)
    !!!main                                  0x00000288   Section        8  __main.o(!!!main)
    !!!scatter                               0x00000290   Section       52  __scatter.o(!!!scatter)
    !!dczerorl                               0x000002c4   Section       58  __dczerorl.o(!!dczerorl)
    !!handler_zi                             0x00000300   Section       28  __scatter_zi.o(!!handler_zi)
    .ARM.Collect$$libinit$$00000000          0x0000031c   Section        2  libinit.o(.ARM.Collect$$libinit$$00000000)
    .ARM.Collect$$libinit$$00000001          0x0000031e   Section        4  libinit2.o(.ARM.Collect$$libinit$$00000001)
    .ARM.Collect$$libinit$$00000008          0x00000322   Section        0  libinit2.o(.ARM.Collect$$libinit$$00000008)
    .ARM.Collect$$libinit$$0000000A          0x00000322   Section        0  libinit2.o(.ARM.Collect$$libinit$$0000000A)
    .ARM.Collect$$libinit$$0000000C          0x00000322   Section        0  libinit2.o(.ARM.Collect$$libinit$$0000000C)
    .ARM.Collect$$libinit$$0000000F          0x00000322   Section        0  libinit2.o(.ARM.Collect$$libinit$$0000000F)
    .ARM.Collect$$libinit$$00000011          0x00000322   Section        0  libinit2.o(.ARM.Collect$$libinit$$00000011)
    .ARM.Collect$$libinit$$00000013          0x00000322   Section        0  libinit2.o(.ARM.Collect$$libinit$$00000013)
    .ARM.Collect$$libinit$$00000015          0x00000322   Section        0  libinit2.o(.ARM.Collect$$libinit$$00000015)
    .ARM.Collect$$libinit$$00000017          0x00000322   Section        0  libinit2.o(.ARM.Collect$$libinit$$00000017)
    .ARM.Collect$$libinit$$00000019          0x00000322   Section        0  libinit2.o(.ARM.Collect$$libinit$$00000019)
    .ARM.Collect$$libinit$$0000001B          0x00000322   Section        0  libinit2.o(.ARM.Collect$$libinit$$0000001B)
    .ARM.Collect$$libinit$$0000001D          0x00000322   Section        0  libinit2.o(.ARM.Collect$$libinit$$0000001D)
    .ARM.Collect$$libinit$$0000001F          0x00000322   Section        0  libinit2.o(.ARM.Collect$$libinit$$0000001F)
    .ARM.Collect$$libinit$$00000021          0x00000322   Section        0  libinit2.o(.ARM.Collect$$libinit$$00000021)
    .ARM.Collect$$libinit$$00000023          0x00000322   Section        0  libinit2.o(.ARM.Collect$$libinit$$00000023)
    .ARM.Collect$$libinit$$0000002A          0x00000322   Section        0  libinit2.o(.ARM.Collect$$libinit$$0000002A)
    .ARM.Collect$$libinit$$0000002C          0x00000322   Section        0  libinit2.o(.ARM.Collect$$libinit$$0000002C)
    .ARM.Collect$$libinit$$0000002E          0x00000322   Section        0  libinit2.o(.ARM.Collect$$libinit$$0000002E)
    .ARM.Collect$$libinit$$00000030          0x00000322   Section        0  libinit2.o(.ARM.Collect$$libinit$$00000030)
    .ARM.Collect$$libinit$$00000031          0x00000322   Section        2  libinit2.o(.ARM.Collect$$libinit$$00000031)
    .ARM.Collect$$libshutdown$$00000000      0x00000324   Section        2  libshutdown.o(.ARM.Collect$$libshutdown$$00000000)
    .ARM.Collect$$libshutdown$$00000003      0x00000326   Section        0  libshutdown2.o(.ARM.Collect$$libshutdown$$00000003)
    .ARM.Collect$$libshutdown$$00000006      0x00000326   Section        0  libshutdown2.o(.ARM.Collect$$libshutdown$$00000006)
    .ARM.Collect$$libshutdown$$00000009      0x00000326   Section        0  libshutdown2.o(.ARM.Collect$$libshutdown$$00000009)
    .ARM.Collect$$libshutdown$$0000000B      0x00000326   Section        0  libshutdown2.o(.ARM.Collect$$libshutdown$$0000000B)
    .ARM.Collect$$libshutdown$$0000000E      0x00000326   Section        0  libshutdown2.o(.ARM.Collect$$libshutdown$$0000000E)
    .ARM.Collect$$libshutdown$$0000000F      0x00000326   Section        2  libshutdown2.o(.ARM.Collect$$libshutdown$$0000000F)
    .ARM.Collect$$rtentry$$00000000          0x00000328   Section        0  rtentry.o(.ARM.Collect$$rtentry$$00000000)
    .ARM.Collect$$rtentry$$00000002          0x00000328   Section        0  rtentry2.o(.ARM.Collect$$rtentry$$00000002)
    .ARM.Collect$$rtentry$$00000004          0x00000328   Section        6  rtentry4.o(.ARM.Collect$$rtentry$$00000004)
    .ARM.Collect$$rtentry$$00000009          0x0000032e   Section        0  rtentry2.o(.ARM.Collect$$rtentry$$00000009)
    .ARM.Collect$$rtentry$$0000000A          0x0000032e   Section        4  rtentry2.o(.ARM.Collect$$rtentry$$0000000A)
    .ARM.Collect$$rtentry$$0000000C          0x00000332   Section        0  rtentry2.o(.ARM.Collect$$rtentry$$0000000C)
    .ARM.Collect$$rtentry$$0000000D          0x00000332   Section        8  rtentry2.o(.ARM.Collect$$rtentry$$0000000D)
    .ARM.Collect$$rtexit$$00000000           0x0000033a   Section        2  rtexit.o(.ARM.Collect$$rtexit$$00000000)
    .ARM.Collect$$rtexit$$00000002           0x0000033c   Section        0  rtexit2.o(.ARM.Collect$$rtexit$$00000002)
    .ARM.Collect$$rtexit$$00000003           0x0000033c   Section        4  rtexit2.o(.ARM.Collect$$rtexit$$00000003)
    .ARM.Collect$$rtexit$$00000004           0x00000340   Section        6  rtexit2.o(.ARM.Collect$$rtexit$$00000004)
    .emb_text                                0x00000348   Section       38  cpu.o(.emb_text)
    $v0                                      0x00000348   Number         0  cpu.o(.emb_text)
    .emb_text                                0x00000370   Section        6  sysctl.o(.emb_text)
    $v0                                      0x00000370   Number         0  sysctl.o(.emb_text)
    .text                                    0x00000378   Section       24  startup.o(.text)
    $v0                                      0x00000378   Number         0  startup.o(.text)
    .text                                    0x00000390   Section        0  robot.o(.text)
    .text                                    0x0000142c   Section        0  adc.o(.text)
    .text                                    0x00001764   Section        0  gpio.o(.text)
    GPIOGetIntNumber                         0x00001765   Thumb Code   224  gpio.o(.text)
    .text                                    0x00001f44   Section        0  interrupt.o(.text)
    IntDefaultHandler                        0x00001f45   Thumb Code     4  interrupt.o(.text)
    .text                                    0x00002258   Section        0  sysctl.o(.text)
    SysCtlPeripheralMapToNew                 0x00002259   Thumb Code    36  sysctl.o(.text)
    .text                                    0x00002df8   Section        0  timer.o(.text)
    TimerIntNumberGet                        0x00002df9   Thumb Code    38  timer.o(.text)
    .text                                    0x000030c4   Section        0  uart.o(.text)
    UARTIntNumberGet                         0x000030c5   Thumb Code    38  uart.o(.text)
    .text                                    0x000033cc   Section        0  uartstdio.o(.text)
    .text                                    0x00003778   Section        0  heapauxi.o(.text)
    .text                                    0x0000377e   Section       74  sys_stackheap_outer.o(.text)
    .text                                    0x000037c8   Section        0  exit.o(.text)
    .text                                    0x000037d4   Section        8  libspace.o(.text)
    .text                                    0x000037dc   Section        0  sys_exit.o(.text)
    .text                                    0x000037e8   Section        2  use_no_semi.o(.text)
    .text                                    0x000037ea   Section        0  indicate_semi.o(.text)
    x$fpl$dadd                               0x000037ec   Section      336  daddsub_clz.o(x$fpl$dadd)
    $v0                                      0x000037ec   Number         0  daddsub_clz.o(x$fpl$dadd)
    _dadd1                                   0x000037fd   Thumb Code     0  daddsub_clz.o(x$fpl$dadd)
    x$fpl$dfixu                              0x0000393c   Section       90  dfixu.o(x$fpl$dfixu)
    $v0                                      0x0000393c   Number         0  dfixu.o(x$fpl$dfixu)
    x$fpl$dflt                               0x00003996   Section       46  dflt_clz.o(x$fpl$dflt)
    $v0                                      0x00003996   Number         0  dflt_clz.o(x$fpl$dflt)
    x$fpl$dfltu                              0x000039c4   Section       38  dflt_clz.o(x$fpl$dfltu)
    $v0                                      0x000039c4   Number         0  dflt_clz.o(x$fpl$dfltu)
    x$fpl$dmul                               0x000039ec   Section      340  dmul.o(x$fpl$dmul)
    $v0                                      0x000039ec   Number         0  dmul.o(x$fpl$dmul)
    x$fpl$dnaninf                            0x00003b40   Section      156  dnaninf.o(x$fpl$dnaninf)
    $v0                                      0x00003b40   Number         0  dnaninf.o(x$fpl$dnaninf)
    x$fpl$dretinf                            0x00003bdc   Section       12  dretinf.o(x$fpl$dretinf)
    $v0                                      0x00003bdc   Number         0  dretinf.o(x$fpl$dretinf)
    x$fpl$dsub                               0x00003be8   Section      468  daddsub_clz.o(x$fpl$dsub)
    $v0                                      0x00003be8   Number         0  daddsub_clz.o(x$fpl$dsub)
    _dsub1                                   0x00003bf9   Thumb Code     0  daddsub_clz.o(x$fpl$dsub)
    x$fpl$fpinit                             0x00003dbc   Section       10  fpinit.o(x$fpl$fpinit)
    $v0                                      0x00003dbc   Number         0  fpinit.o(x$fpl$fpinit)
    x$fpl$usenofp                            0x00003dc6   Section        0  usenofp.o(x$fpl$usenofp)
    .constdata                               0x00003dc8   Section      120  gpio.o(.constdata)
    g_pulGPIOBaseAddrs                       0x00003dc8   Data         120  gpio.o(.constdata)
    .constdata                               0x00003e40   Section      268  interrupt.o(.constdata)
    g_pulPriority                            0x00003e40   Data          32  interrupt.o(.constdata)
    g_pulRegs                                0x00003e60   Data         156  interrupt.o(.constdata)
    g_pulEnRegs                              0x00003efc   Data          20  interrupt.o(.constdata)
    g_pulDisRegs                             0x00003f10   Data          20  interrupt.o(.constdata)
    g_pulPendRegs                            0x00003f24   Data          20  interrupt.o(.constdata)
    g_pulUnpendRegs                          0x00003f38   Data          20  interrupt.o(.constdata)
    .constdata                               0x00003f4c   Section      460  sysctl.o(.constdata)
    g_pulDCRegs                              0x00003f4c   Data          16  sysctl.o(.constdata)
    g_pulSRCRRegs                            0x00003f5c   Data          12  sysctl.o(.constdata)
    g_pulRCGCRegs                            0x00003f68   Data          12  sysctl.o(.constdata)
    g_pulSCGCRegs                            0x00003f74   Data          12  sysctl.o(.constdata)
    g_pulDCGCRegs                            0x00003f80   Data          12  sysctl.o(.constdata)
    g_pulXtals                               0x00003f8c   Data         108  sysctl.o(.constdata)
    g_ppulPeripheralMap                      0x00003ff8   Data         288  sysctl.o(.constdata)
    .constdata                               0x00004118   Section       96  timer.o(.constdata)
    g_ppulTimerIntMap                        0x00004118   Data          96  timer.o(.constdata)
    .constdata                               0x00004178   Section       64  uart.o(.constdata)
    g_ppulUARTIntMap                         0x00004178   Data          64  uart.o(.constdata)
    .constdata                               0x000041b8   Section       28  uartstdio.o(.constdata)
    g_pcHex                                  0x000041b8   Data           4  uartstdio.o(.constdata)
    g_ulUARTBase                             0x000041bc   Data          12  uartstdio.o(.constdata)
    g_ulUARTPeriph                           0x000041c8   Data          12  uartstdio.o(.constdata)
    .conststring                             0x000041d4   Section       17  uartstdio.o(.conststring)
    .data                                    0x20000000   Section      152  robot.o(.data)
    .data                                    0x20000098   Section        3  adc.o(.data)
    g_pucOversampleFactor                    0x20000098   Data           3  adc.o(.data)
    .data                                    0x2000009c   Section        5  uartstdio.o(.data)
    g_ulBase                                 0x2000009c   Data           4  uartstdio.o(.data)
    bLastWasCR                               0x200000a0   Data           1  uartstdio.o(.data)
    vtable                                   0x20000400   Section      620  interrupt.o(vtable)
    g_pfnRAMVectors                          0x20000400   Data         620  interrupt.o(vtable)
    .bss                                     0x2000066c   Section     8472  robot.o(.bss)
    .bss                                     0x20002784   Section       96  libspace.o(.bss)
    HEAP                                     0x200027e8   Section        0  startup.o(HEAP)
    STACK                                    0x200027e8   Section      256  startup.o(STACK)
    HeapMem                                  0x200027e8   Data           0  startup.o(HEAP)
    StackMem                                 0x200027e8   Data           0  startup.o(STACK)

    Global Symbols

    Symbol Name                              Value     Ov Type        Size  Object(Section)

    BuildAttributes$$THM_ISAv4$E$P$D$K$B$S$7EM$VFPi3$EXTD16$VFPS$VFMA$PE$A:L22UL41UL21$X:L11$S22US41US21$IEEE1$IW$USESV6$~STKCKD$USESV7$~SHL$OSPACE$ROPI$EBA8$UX$STANDARDLIB$REQ8$PRES8$EABIv2 0x00000000   Number         0  anon$$obj.o ABSOLUTE
    __ARM_use_no_argv                        0x00000000   Number         0  robot.o ABSOLUTE
    __Vectors                                0x00000000   Data           0  startup.o(RESET)
    __ARM_exceptions_init                     - Undefined Weak Reference
    __alloca_initialize                       - Undefined Weak Reference
    __cpp_initialize__aeabi_                  - Undefined Weak Reference
    __cxa_finalize                            - Undefined Weak Reference
    __rt_locale                               - Undefined Weak Reference
    __sigvec_lookup                           - Undefined Weak Reference
    _atexit_init                              - Undefined Weak Reference
    _call_atexit_fns                          - Undefined Weak Reference
    _clock_init                               - Undefined Weak Reference
    _fp_trap_init                             - Undefined Weak Reference
    _fp_trap_shutdown                         - Undefined Weak Reference
    _get_lc_collate                           - Undefined Weak Reference
    _get_lc_ctype                             - Undefined Weak Reference
    _get_lc_monetary                          - Undefined Weak Reference
    _get_lc_numeric                           - Undefined Weak Reference
    _get_lc_time                              - Undefined Weak Reference
    _getenv_init                              - Undefined Weak Reference
    _handle_redirection                       - Undefined Weak Reference
    _init_alloc                               - Undefined Weak Reference
    _init_user_alloc                          - Undefined Weak Reference
    _initio                                   - Undefined Weak Reference
    _rand_init                                - Undefined Weak Reference
    _signal_finish                            - Undefined Weak Reference
    _signal_init                              - Undefined Weak Reference
    _terminate_alloc                          - Undefined Weak Reference
    _terminate_user_alloc                     - Undefined Weak Reference
    _terminateio                              - Undefined Weak Reference
    Reset_Handler                            0x0000026d   Thumb Code     0  startup.o(RESET)
    __main                                   0x00000289   Thumb Code     8  __main.o(!!!main)
    __scatterload                            0x00000291   Thumb Code     0  __scatter.o(!!!scatter)
    __scatterload_rt2                        0x00000291   Thumb Code    44  __scatter.o(!!!scatter)
    __scatterload_rt2_thumb_only             0x00000291   Thumb Code     0  __scatter.o(!!!scatter)
    __scatterload_null                       0x0000029f   Thumb Code     0  __scatter.o(!!!scatter)
    __decompress                             0x000002c5   Thumb Code    58  __dczerorl.o(!!dczerorl)
    __decompress0                            0x000002c5   Thumb Code     0  __dczerorl.o(!!dczerorl)
    __scatterload_zeroinit                   0x00000301   Thumb Code    28  __scatter_zi.o(!!handler_zi)
    __rt_lib_init                            0x0000031d   Thumb Code     0  libinit.o(.ARM.Collect$$libinit$$00000000)
    __rt_lib_init_fp_1                       0x0000031f   Thumb Code     0  libinit2.o(.ARM.Collect$$libinit$$00000001)
    __rt_lib_init_alloca_1                   0x00000323   Thumb Code     0  libinit2.o(.ARM.Collect$$libinit$$0000002C)
    __rt_lib_init_argv_1                     0x00000323   Thumb Code     0  libinit2.o(.ARM.Collect$$libinit$$0000002A)
    __rt_lib_init_atexit_1                   0x00000323   Thumb Code     0  libinit2.o(.ARM.Collect$$libinit$$00000019)
    __rt_lib_init_clock_1                    0x00000323   Thumb Code     0  libinit2.o(.ARM.Collect$$libinit$$0000001F)
    __rt_lib_init_cpp_1                      0x00000323   Thumb Code     0  libinit2.o(.ARM.Collect$$libinit$$00000030)
    __rt_lib_init_exceptions_1               0x00000323   Thumb Code     0  libinit2.o(.ARM.Collect$$libinit$$0000002E)
    __rt_lib_init_fp_trap_1                  0x00000323   Thumb Code     0  libinit2.o(.ARM.Collect$$libinit$$0000001D)
    __rt_lib_init_getenv_1                   0x00000323   Thumb Code     0  libinit2.o(.ARM.Collect$$libinit$$00000021)
    __rt_lib_init_heap_1                     0x00000323   Thumb Code     0  libinit2.o(.ARM.Collect$$libinit$$00000008)
    __rt_lib_init_lc_collate_1               0x00000323   Thumb Code     0  libinit2.o(.ARM.Collect$$libinit$$0000000F)
    __rt_lib_init_lc_ctype_1                 0x00000323   Thumb Code     0  libinit2.o(.ARM.Collect$$libinit$$00000011)
    __rt_lib_init_lc_monetary_1              0x00000323   Thumb Code     0  libinit2.o(.ARM.Collect$$libinit$$00000013)
    __rt_lib_init_lc_numeric_1               0x00000323   Thumb Code     0  libinit2.o(.ARM.Collect$$libinit$$00000015)
    __rt_lib_init_lc_time_1                  0x00000323   Thumb Code     0  libinit2.o(.ARM.Collect$$libinit$$00000017)
    __rt_lib_init_rand_1                     0x00000323   Thumb Code     0  libinit2.o(.ARM.Collect$$libinit$$0000000C)
    __rt_lib_init_return                     0x00000323   Thumb Code     0  libinit2.o(.ARM.Collect$$libinit$$00000031)
    __rt_lib_init_signal_1                   0x00000323   Thumb Code     0  libinit2.o(.ARM.Collect$$libinit$$0000001B)
    __rt_lib_init_stdio_1                    0x00000323   Thumb Code     0  libinit2.o(.ARM.Collect$$libinit$$00000023)
    __rt_lib_init_user_alloc_1               0x00000323   Thumb Code     0  libinit2.o(.ARM.Collect$$libinit$$0000000A)
    __rt_lib_shutdown                        0x00000325   Thumb Code     0  libshutdown.o(.ARM.Collect$$libshutdown$$00000000)
    __rt_lib_shutdown_fp_trap_1              0x00000327   Thumb Code     0  libshutdown2.o(.ARM.Collect$$libshutdown$$00000006)
    __rt_lib_shutdown_heap_1                 0x00000327   Thumb Code     0  libshutdown2.o(.ARM.Collect$$libshutdown$$0000000E)
    __rt_lib_shutdown_return                 0x00000327   Thumb Code     0  libshutdown2.o(.ARM.Collect$$libshutdown$$0000000F)
    __rt_lib_shutdown_signal_1               0x00000327   Thumb Code     0  libshutdown2.o(.ARM.Collect$$libshutdown$$00000009)
    __rt_lib_shutdown_stdio_1                0x00000327   Thumb Code     0  libshutdown2.o(.ARM.Collect$$libshutdown$$00000003)
    __rt_lib_shutdown_user_alloc_1           0x00000327   Thumb Code     0  libshutdown2.o(.ARM.Collect$$libshutdown$$0000000B)
    __rt_entry                               0x00000329   Thumb Code     0  rtentry.o(.ARM.Collect$$rtentry$$00000000)
    __rt_entry_presh_1                       0x00000329   Thumb Code     0  rtentry2.o(.ARM.Collect$$rtentry$$00000002)
    __rt_entry_sh                            0x00000329   Thumb Code     0  rtentry4.o(.ARM.Collect$$rtentry$$00000004)
    __rt_entry_li                            0x0000032f   Thumb Code     0  rtentry2.o(.ARM.Collect$$rtentry$$0000000A)
    __rt_entry_postsh_1                      0x0000032f   Thumb Code     0  rtentry2.o(.ARM.Collect$$rtentry$$00000009)
    __rt_entry_main                          0x00000333   Thumb Code     0  rtentry2.o(.ARM.Collect$$rtentry$$0000000D)
    __rt_entry_postli_1                      0x00000333   Thumb Code     0  rtentry2.o(.ARM.Collect$$rtentry$$0000000C)
    __rt_exit                                0x0000033b   Thumb Code     0  rtexit.o(.ARM.Collect$$rtexit$$00000000)
    __rt_exit_ls                             0x0000033d   Thumb Code     0  rtexit2.o(.ARM.Collect$$rtexit$$00000003)
    __rt_exit_prels_1                        0x0000033d   Thumb Code     0  rtexit2.o(.ARM.Collect$$rtexit$$00000002)
    __rt_exit_exit                           0x00000341   Thumb Code     0  rtexit2.o(.ARM.Collect$$rtexit$$00000004)
    CPUcpsid                                 0x00000349   Thumb Code     8  cpu.o(.emb_text)
    CPUprimask                               0x00000351   Thumb Code     6  cpu.o(.emb_text)
    CPUcpsie                                 0x00000357   Thumb Code     8  cpu.o(.emb_text)
    CPUwfi                                   0x0000035f   Thumb Code     4  cpu.o(.emb_text)
    CPUbasepriSet                            0x00000363   Thumb Code     6  cpu.o(.emb_text)
    CPUbasepriGet                            0x00000369   Thumb Code     6  cpu.o(.emb_text)
    SysCtlDelay                              0x00000371   Thumb Code     6  sysctl.o(.emb_text)
    __user_initial_stackheap                 0x00000379   Thumb Code     0  startup.o(.text)
    __error__                                0x00000391   Thumb Code     2  robot.o(.text)
    delay                                    0x00000393   Thumb Code    12  robot.o(.text)
    UARTIntHandler                           0x0000039f   Thumb Code   106  robot.o(.text)
    UARTSend                                 0x00000409   Thumb Code    28  robot.o(.text)
    sonic                                    0x00000425   Thumb Code   544  robot.o(.text)
    dur                                      0x00000645   Thumb Code   172  robot.o(.text)
    ileri                                    0x000006f1   Thumb Code   574  robot.o(.text)
    duz_ileri                                0x0000092f   Thumb Code   136  robot.o(.text)
    duz_ileri2                               0x000009b7   Thumb Code   276  robot.o(.text)
    geri                                     0x00000acb   Thumb Code   316  robot.o(.text)
    sol                                      0x00000c07   Thumb Code   264  robot.o(.text)
    sag                                      0x00000d0f   Thumb Code   172  robot.o(.text)
    bos                                      0x00000dbb   Thumb Code    14  robot.o(.text)
    IntGPIOF                                 0x00000dc9   Thumb Code    68  robot.o(.text)
    Timer4IntHandler                         0x00000e0d   Thumb Code    54  robot.o(.text)
    Timer3IntHandler                         0x00000e43   Thumb Code    16  robot.o(.text)
    main                                     0x00000e53   Thumb Code  1408  robot.o(.text)
    ADCIntRegister                           0x0000142d   Thumb Code    46  adc.o(.text)
    ADCIntUnregister                         0x0000145b   Thumb Code    38  adc.o(.text)
    ADCIntDisable                            0x00001481   Thumb Code    12  adc.o(.text)
    ADCIntEnable                             0x0000148d   Thumb Code    18  adc.o(.text)
    ADCIntStatus                             0x0000149f   Thumb Code    54  adc.o(.text)
    ADCIntClear                              0x000014d5   Thumb Code     8  adc.o(.text)
    ADCSequenceEnable                        0x000014dd   Thumb Code    12  adc.o(.text)
    ADCSequenceDisable                       0x000014e9   Thumb Code    12  adc.o(.text)
    ADCSequenceConfigure                     0x000014f5   Thumb Code    44  adc.o(.text)
    ADCSequenceStepConfigure                 0x00001521   Thumb Code   114  adc.o(.text)
    ADCSequenceOverflow                      0x00001593   Thumb Code    12  adc.o(.text)
    ADCSequenceOverflowClear                 0x0000159f   Thumb Code     8  adc.o(.text)
    ADCSequenceUnderflow                     0x000015a7   Thumb Code    12  adc.o(.text)
    ADCSequenceUnderflowClear                0x000015b3   Thumb Code     8  adc.o(.text)
    ADCSequenceDataGet                       0x000015bb   Thumb Code    34  adc.o(.text)
    ADCProcessorTrigger                      0x000015dd   Thumb Code    24  adc.o(.text)
    ADCSoftwareOversampleConfigure           0x000015f5   Thumb Code    24  adc.o(.text)
    ADCSoftwareOversampleStepConfigure       0x0000160d   Thumb Code   110  adc.o(.text)
    ADCSoftwareOversampleDataGet             0x0000167b   Thumb Code    54  adc.o(.text)
    ADCHardwareOversampleConfigure           0x000016b1   Thumb Code    18  adc.o(.text)
    ADCComparatorConfigure                   0x000016c3   Thumb Code    10  adc.o(.text)
    ADCComparatorRegionSet                   0x000016cd   Thumb Code    16  adc.o(.text)
    ADCComparatorReset                       0x000016dd   Thumb Code    36  adc.o(.text)
    ADCComparatorIntDisable                  0x00001701   Thumb Code    14  adc.o(.text)
    ADCComparatorIntEnable                   0x0000170f   Thumb Code    14  adc.o(.text)
    ADCComparatorIntStatus                   0x0000171d   Thumb Code     6  adc.o(.text)
    ADCComparatorIntClear                    0x00001723   Thumb Code     4  adc.o(.text)
    ADCReferenceSet                          0x00001727   Thumb Code    12  adc.o(.text)
    ADCReferenceGet                          0x00001733   Thumb Code    10  adc.o(.text)
    ADCResolutionSet                         0x0000173d   Thumb Code    12  adc.o(.text)
    ADCResolutionGet                         0x00001749   Thumb Code    10  adc.o(.text)
    ADCPhaseDelaySet                         0x00001753   Thumb Code     4  adc.o(.text)
    ADCPhaseDelayGet                         0x00001757   Thumb Code     6  adc.o(.text)
    GPIODirModeSet                           0x00001845   Thumb Code    64  gpio.o(.text)
    GPIODirModeGet                           0x00001885   Thumb Code    46  gpio.o(.text)
    GPIOIntTypeSet                           0x000018b3   Thumb Code    92  gpio.o(.text)
    GPIOIntTypeGet                           0x0000190f   Thumb Code    62  gpio.o(.text)
    GPIOPadConfigSet                         0x0000194d   Thumb Code   262  gpio.o(.text)
    GPIOPadConfigGet                         0x00001a53   Thumb Code   162  gpio.o(.text)
    GPIOPinIntEnable                         0x00001af5   Thumb Code    16  gpio.o(.text)
    GPIOPinIntDisable                        0x00001b05   Thumb Code    16  gpio.o(.text)
    GPIOPinIntStatus                         0x00001b15   Thumb Code    20  gpio.o(.text)
    GPIOPinIntClear                          0x00001b29   Thumb Code     8  gpio.o(.text)
    GPIOPortIntRegister                      0x00001b31   Thumb Code    48  gpio.o(.text)
    GPIOPortIntUnregister                    0x00001b61   Thumb Code    26  gpio.o(.text)
    GPIOPinRead                              0x00001b7b   Thumb Code    12  gpio.o(.text)
    GPIOPinWrite                             0x00001b87   Thumb Code    10  gpio.o(.text)
    GPIOPinTypeADC                           0x00001b91   Thumb Code    30  gpio.o(.text)
    GPIOPinTypeCAN                           0x00001baf   Thumb Code    30  gpio.o(.text)
    GPIOPinTypeComparator                    0x00001bcd   Thumb Code    30  gpio.o(.text)
    GPIOPinTypeEPI                           0x00001beb   Thumb Code    30  gpio.o(.text)
    GPIOPinTypeEthernetLED                   0x00001c09   Thumb Code    30  gpio.o(.text)
    GPIOPinTypeEthernetMII                   0x00001c27   Thumb Code    30  gpio.o(.text)
    GPIOPinTypeFan                           0x00001c45   Thumb Code    30  gpio.o(.text)
    GPIOPinTypeGPIOInput                     0x00001c63   Thumb Code    30  gpio.o(.text)
    GPIOPinTypeGPIOOutput                    0x00001c81   Thumb Code    30  gpio.o(.text)
    GPIOPinTypeGPIOOutputOD                  0x00001c9f   Thumb Code    30  gpio.o(.text)
    GPIOPinTypeI2C                           0x00001cbd   Thumb Code    30  gpio.o(.text)
    GPIOPinTypeI2CSCL                        0x00001cdb   Thumb Code   122  gpio.o(.text)
    GPIOPinTypeI2S                           0x00001d55   Thumb Code    30  gpio.o(.text)
    GPIOPinTypeLPC                           0x00001d73   Thumb Code    30  gpio.o(.text)
    GPIOPinTypePECIRx                        0x00001d91   Thumb Code    30  gpio.o(.text)
    GPIOPinTypePECITx                        0x00001daf   Thumb Code    30  gpio.o(.text)
    GPIOPinTypePWM                           0x00001dcd   Thumb Code    30  gpio.o(.text)
    GPIOPinTypeQEI                           0x00001deb   Thumb Code    30  gpio.o(.text)
    GPIOPinTypeSSI                           0x00001e09   Thumb Code    30  gpio.o(.text)
    GPIOPinTypeTimer                         0x00001e27   Thumb Code    30  gpio.o(.text)
    GPIOPinTypeUART                          0x00001e45   Thumb Code    30  gpio.o(.text)
    GPIOPinTypeUSBAnalog                     0x00001e63   Thumb Code    30  gpio.o(.text)
    GPIOPinTypeUSBDigital                    0x00001e81   Thumb Code    30  gpio.o(.text)
    GPIOPinConfigure                         0x00001e9f   Thumb Code    74  gpio.o(.text)
    GPIODMATriggerEnable                     0x00001ee9   Thumb Code    16  gpio.o(.text)
    GPIODMATriggerDisable                    0x00001ef9   Thumb Code    16  gpio.o(.text)
    GPIOADCTriggerEnable                     0x00001f09   Thumb Code    16  gpio.o(.text)
    GPIOADCTriggerDisable                    0x00001f19   Thumb Code    16  gpio.o(.text)
    IntMasterEnable                          0x00001f49   Thumb Code    10  interrupt.o(.text)
    IntMasterDisable                         0x00001f53   Thumb Code    10  interrupt.o(.text)
    IntRegister                              0x00001f5d   Thumb Code    52  interrupt.o(.text)
    IntUnregister                            0x00001f91   Thumb Code    10  interrupt.o(.text)
    IntPriorityGroupingSet                   0x00001f9b   Thumb Code    18  interrupt.o(.text)
    IntPriorityGroupingGet                   0x00001fad   Thumb Code    36  interrupt.o(.text)
    IntPrioritySet                           0x00001fd1   Thumb Code    46  interrupt.o(.text)
    IntPriorityGet                           0x00001fff   Thumb Code    22  interrupt.o(.text)
    IntEnable                                0x00002015   Thumb Code   120  interrupt.o(.text)
    IntDisable                               0x0000208d   Thumb Code   120  interrupt.o(.text)
    IntIsEnabled                             0x00002105   Thumb Code   106  interrupt.o(.text)
    IntPendSet                               0x0000216f   Thumb Code    98  interrupt.o(.text)
    IntPendClear                             0x000021d1   Thumb Code    76  interrupt.o(.text)
    IntPriorityMaskSet                       0x0000221d   Thumb Code    12  interrupt.o(.text)
    IntPriorityMaskGet                       0x00002229   Thumb Code     8  interrupt.o(.text)
    SysCtlSRAMSizeGet                        0x0000227d   Thumb Code    14  sysctl.o(.text)
    SysCtlFlashSizeGet                       0x0000228b   Thumb Code    14  sysctl.o(.text)
    SysCtlPinPresent                         0x00002299   Thumb Code    18  sysctl.o(.text)
    SysCtlPeripheralPresent                  0x000022ab   Thumb Code   114  sysctl.o(.text)
    SysCtlPeripheralReady                    0x0000231d   Thumb Code    56  sysctl.o(.text)
    SysCtlPeripheralPowerOn                  0x00002355   Thumb Code    56  sysctl.o(.text)
    SysCtlPeripheralPowerOff                 0x0000238d   Thumb Code    56  sysctl.o(.text)
    SysCtlPeripheralReset                    0x000023c5   Thumb Code   212  sysctl.o(.text)
    SysCtlPeripheralEnable                   0x00002499   Thumb Code    96  sysctl.o(.text)
    SysCtlPeripheralDisable                  0x000024f9   Thumb Code    96  sysctl.o(.text)
    SysCtlPeripheralSleepEnable              0x00002559   Thumb Code    96  sysctl.o(.text)
    SysCtlPeripheralSleepDisable             0x000025b9   Thumb Code    96  sysctl.o(.text)
    SysCtlPeripheralDeepSleepEnable          0x00002619   Thumb Code   152  sysctl.o(.text)
    SysCtlPeripheralDeepSleepDisable         0x000026b1   Thumb Code    96  sysctl.o(.text)
    SysCtlPeripheralClockGating              0x00002711   Thumb Code    30  sysctl.o(.text)
    SysCtlIntRegister                        0x0000272f   Thumb Code    20  sysctl.o(.text)
    SysCtlIntUnregister                      0x00002743   Thumb Code    16  sysctl.o(.text)
    SysCtlIntEnable                          0x00002753   Thumb Code    12  sysctl.o(.text)
    SysCtlIntDisable                         0x0000275f   Thumb Code    12  sysctl.o(.text)
    SysCtlIntClear                           0x0000276b   Thumb Code     6  sysctl.o(.text)
    SysCtlIntStatus                          0x00002771   Thumb Code    16  sysctl.o(.text)
    SysCtlLDOSet                             0x00002781   Thumb Code     6  sysctl.o(.text)
    SysCtlLDOGet                             0x00002787   Thumb Code     6  sysctl.o(.text)
    SysCtlLDOConfigSet                       0x0000278d   Thumb Code     6  sysctl.o(.text)
    SysCtlReset                              0x00002793   Thumb Code    10  sysctl.o(.text)
    SysCtlSleep                              0x0000279d   Thumb Code     8  sysctl.o(.text)
    SysCtlDeepSleep                          0x000027a5   Thumb Code    40  sysctl.o(.text)
    SysCtlResetCauseGet                      0x000027cd   Thumb Code     6  sysctl.o(.text)
    SysCtlResetCauseClear                    0x000027d3   Thumb Code    12  sysctl.o(.text)
    SysCtlBrownOutConfigSet                  0x000027df   Thumb Code    10  sysctl.o(.text)
    SysCtlMOSCConfigSet                      0x000027e9   Thumb Code     6  sysctl.o(.text)
    SysCtlPIOSCCalibrate                     0x000027ef   Thumb Code    72  sysctl.o(.text)
    SysCtlClockSet                           0x00002837   Thumb Code   348  sysctl.o(.text)
    SysCtlClockGet                           0x00002993   Thumb Code   610  sysctl.o(.text)
    SysCtlDeepSleepClockSet                  0x00002bf5   Thumb Code     6  sysctl.o(.text)
    SysCtlPWMClockSet                        0x00002bfb   Thumb Code    16  sysctl.o(.text)
    SysCtlPWMClockGet                        0x00002c0b   Thumb Code    24  sysctl.o(.text)
    SysCtlADCSpeedSet                        0x00002c23   Thumb Code    36  sysctl.o(.text)
    SysCtlADCSpeedGet                        0x00002c47   Thumb Code    10  sysctl.o(.text)
    SysCtlIOSCVerificationSet                0x00002c51   Thumb Code    30  sysctl.o(.text)
    SysCtlMOSCVerificationSet                0x00002c6f   Thumb Code    30  sysctl.o(.text)
    SysCtlPLLVerificationSet                 0x00002c8d   Thumb Code    30  sysctl.o(.text)
    SysCtlClkVerificationClear               0x00002cab   Thumb Code    18  sysctl.o(.text)
    SysCtlGPIOAHBEnable                      0x00002cbd   Thumb Code    14  sysctl.o(.text)
    SysCtlGPIOAHBDisable                     0x00002ccb   Thumb Code    14  sysctl.o(.text)
    SysCtlUSBPLLEnable                       0x00002cd9   Thumb Code    14  sysctl.o(.text)
    SysCtlUSBPLLDisable                      0x00002ce7   Thumb Code    14  sysctl.o(.text)
    SysCtlI2SMClkSet                         0x00002cf5   Thumb Code   212  sysctl.o(.text)
    TimerEnable                              0x00002e1f   Thumb Code    14  timer.o(.text)
    TimerDisable                             0x00002e2d   Thumb Code    14  timer.o(.text)
    TimerConfigure                           0x00002e3b   Thumb Code    34  timer.o(.text)
    TimerControlLevel                        0x00002e5d   Thumb Code    22  timer.o(.text)
    TimerControlTrigger                      0x00002e73   Thumb Code    22  timer.o(.text)
    TimerControlEvent                        0x00002e89   Thumb Code    22  timer.o(.text)
    TimerControlStall                        0x00002e9f   Thumb Code    22  timer.o(.text)
    TimerControlWaitOnTrigger                0x00002eb5   Thumb Code    54  timer.o(.text)
    TimerRTCEnable                           0x00002eeb   Thumb Code    10  timer.o(.text)
    TimerRTCDisable                          0x00002ef5   Thumb Code    10  timer.o(.text)
    TimerPrescaleSet                         0x00002eff   Thumb Code    18  timer.o(.text)
    TimerPrescaleGet                         0x00002f11   Thumb Code    14  timer.o(.text)
    TimerPrescaleMatchSet                    0x00002f1f   Thumb Code    18  timer.o(.text)
    TimerPrescaleMatchGet                    0x00002f31   Thumb Code    14  timer.o(.text)
    TimerLoadSet                             0x00002f3f   Thumb Code    18  timer.o(.text)
    TimerLoadGet                             0x00002f51   Thumb Code    14  timer.o(.text)
    TimerLoadSet64                           0x00002f5f   Thumb Code     6  timer.o(.text)
    TimerLoadGet64                           0x00002f65   Thumb Code    26  timer.o(.text)
    TimerValueGet                            0x00002f7f   Thumb Code    14  timer.o(.text)
    TimerValueGet64                          0x00002f8d   Thumb Code    26  timer.o(.text)
    TimerMatchSet                            0x00002fa7   Thumb Code    18  timer.o(.text)
    TimerMatchGet                            0x00002fb9   Thumb Code    14  timer.o(.text)
    TimerMatchSet64                          0x00002fc7   Thumb Code     6  timer.o(.text)
    TimerMatchGet64                          0x00002fcd   Thumb Code    26  timer.o(.text)
    TimerIntRegister                         0x00002fe7   Thumb Code    58  timer.o(.text)
    TimerIntUnregister                       0x00003021   Thumb Code    52  timer.o(.text)
    TimerIntEnable                           0x00003055   Thumb Code     8  timer.o(.text)
    TimerIntDisable                          0x0000305d   Thumb Code     8  timer.o(.text)
    TimerIntStatus                           0x00003065   Thumb Code    12  timer.o(.text)
    TimerIntClear                            0x00003071   Thumb Code     4  timer.o(.text)
    TimerSynchronize                         0x00003075   Thumb Code     4  timer.o(.text)
    TimerQuiesce                             0x00003079   Thumb Code    72  timer.o(.text)
    UARTParityModeSet                        0x000030eb   Thumb Code    12  uart.o(.text)
    UARTParityModeGet                        0x000030f7   Thumb Code    10  uart.o(.text)
    UARTFIFOLevelSet                         0x00003101   Thumb Code     8  uart.o(.text)
    UARTFIFOLevelGet                         0x00003109   Thumb Code    18  uart.o(.text)
    UARTEnable                               0x0000311b   Thumb Code    20  uart.o(.text)
    UARTDisable                              0x0000312f   Thumb Code    30  uart.o(.text)
    UARTConfigSetExpClk                      0x0000314d   Thumb Code    76  uart.o(.text)
    UARTConfigGetExpClk                      0x00003199   Thumb Code    44  uart.o(.text)
    UARTFIFOEnable                           0x000031c5   Thumb Code    10  uart.o(.text)
    UARTFIFODisable                          0x000031cf   Thumb Code    10  uart.o(.text)
    UARTEnableSIR                            0x000031d9   Thumb Code    22  uart.o(.text)
    UARTDisableSIR                           0x000031ef   Thumb Code    10  uart.o(.text)
    UARTSmartCardEnable                      0x000031f9   Thumb Code    22  uart.o(.text)
    UARTSmartCardDisable                     0x0000320f   Thumb Code    10  uart.o(.text)
    UARTModemControlSet                      0x00003219   Thumb Code    12  uart.o(.text)
    UARTModemControlClear                    0x00003225   Thumb Code    12  uart.o(.text)
    UARTModemControlGet                      0x00003231   Thumb Code    10  uart.o(.text)
    UARTModemStatusGet                       0x0000323b   Thumb Code    12  uart.o(.text)
    UARTFlowControlSet                       0x00003247   Thumb Code    12  uart.o(.text)
    UARTFlowControlGet                       0x00003253   Thumb Code    10  uart.o(.text)
    UARTTxIntModeSet                         0x0000325d   Thumb Code    12  uart.o(.text)
    UARTTxIntModeGet                         0x00003269   Thumb Code    10  uart.o(.text)
    UARTCharsAvail                           0x00003273   Thumb Code    12  uart.o(.text)
    UARTSpaceAvail                           0x0000327f   Thumb Code    12  uart.o(.text)
    UARTCharGetNonBlocking                   0x0000328b   Thumb Code    20  uart.o(.text)
    UARTCharGet                              0x0000329f   Thumb Code    16  uart.o(.text)
    UARTCharPutNonBlocking                   0x000032af   Thumb Code    20  uart.o(.text)
    UARTCharPut                              0x000032c3   Thumb Code    14  uart.o(.text)
    UARTBreakCtl                             0x000032d1   Thumb Code    20  uart.o(.text)
    UARTBusy                                 0x000032e5   Thumb Code    10  uart.o(.text)
    UARTIntRegister                          0x000032ef   Thumb Code    30  uart.o(.text)
    UARTIntUnregister                        0x0000330d   Thumb Code    26  uart.o(.text)
    UARTIntEnable                            0x00003327   Thumb Code     8  uart.o(.text)
    UARTIntDisable                           0x0000332f   Thumb Code     8  uart.o(.text)
    UARTIntStatus                            0x00003337   Thumb Code    12  uart.o(.text)
    UARTIntClear                             0x00003343   Thumb Code     4  uart.o(.text)
    UARTDMAEnable                            0x00003347   Thumb Code     8  uart.o(.text)
    UARTDMADisable                           0x0000334f   Thumb Code     8  uart.o(.text)
    UARTRxErrorGet                           0x00003357   Thumb Code    10  uart.o(.text)
    UARTRxErrorClear                         0x00003361   Thumb Code     6  uart.o(.text)
    UARTClockSourceSet                       0x00003367   Thumb Code     8  uart.o(.text)
    UARTClockSourceGet                       0x0000336f   Thumb Code    10  uart.o(.text)
    UART9BitEnable                           0x00003379   Thumb Code    14  uart.o(.text)
    UART9BitDisable                          0x00003387   Thumb Code    14  uart.o(.text)
    UART9BitAddrSet                          0x00003395   Thumb Code    10  uart.o(.text)
    UART9BitAddrSend                         0x0000339f   Thumb Code    40  uart.o(.text)
    UARTStdioConfig                          0x000033cd   Thumb Code    68  uartstdio.o(.text)
    UARTStdioInit                            0x00003411   Thumb Code    24  uartstdio.o(.text)
    UARTStdioInitExpClk                      0x00003429   Thumb Code    24  uartstdio.o(.text)
    UARTwrite                                0x00003441   Thumb Code    46  uartstdio.o(.text)
    UARTgets                                 0x0000346f   Thumb Code   126  uartstdio.o(.text)
    UARTgetc                                 0x000034ed   Thumb Code    14  uartstdio.o(.text)
    UARTprintf                               0x000034fb   Thumb Code   598  uartstdio.o(.text)
    __use_two_region_memory                  0x00003779   Thumb Code     2  heapauxi.o(.text)
    __rt_heap_escrow$2region                 0x0000377b   Thumb Code     2  heapauxi.o(.text)
    __rt_heap_expand$2region                 0x0000377d   Thumb Code     2  heapauxi.o(.text)
    __user_setup_stackheap                   0x0000377f   Thumb Code    74  sys_stackheap_outer.o(.text)
    exit                                     0x000037c9   Thumb Code    12  exit.o(.text)
    __user_libspace                          0x000037d5   Thumb Code     8  libspace.o(.text)
    __user_perproc_libspace                  0x000037d5   Thumb Code     0  libspace.o(.text)
    __user_perthread_libspace                0x000037d5   Thumb Code     0  libspace.o(.text)
    _sys_exit                                0x000037dd   Thumb Code     8  sys_exit.o(.text)
    __I$use$semihosting                      0x000037e9   Thumb Code     0  use_no_semi.o(.text)
    __use_no_semihosting_swi                 0x000037e9   Thumb Code     2  use_no_semi.o(.text)
    __semihosting_library_function           0x000037eb   Thumb Code     0  indicate_semi.o(.text)
    __aeabi_dadd                             0x000037ed   Thumb Code     0  daddsub_clz.o(x$fpl$dadd)
    _dadd                                    0x000037ed   Thumb Code   332  daddsub_clz.o(x$fpl$dadd)
    __aeabi_d2uiz                            0x0000393d   Thumb Code     0  dfixu.o(x$fpl$dfixu)
    _dfixu                                   0x0000393d   Thumb Code    90  dfixu.o(x$fpl$dfixu)
    __aeabi_i2d                              0x00003997   Thumb Code     0  dflt_clz.o(x$fpl$dflt)
    _dflt                                    0x00003997   Thumb Code    46  dflt_clz.o(x$fpl$dflt)
    __aeabi_ui2d                             0x000039c5   Thumb Code     0  dflt_clz.o(x$fpl$dfltu)
    _dfltu                                   0x000039c5   Thumb Code    38  dflt_clz.o(x$fpl$dfltu)
    __aeabi_dmul                             0x000039ed   Thumb Code     0  dmul.o(x$fpl$dmul)
    _dmul                                    0x000039ed   Thumb Code   332  dmul.o(x$fpl$dmul)
    __fpl_dnaninf                            0x00003b41   Thumb Code   156  dnaninf.o(x$fpl$dnaninf)
    __fpl_dretinf                            0x00003bdd   Thumb Code    12  dretinf.o(x$fpl$dretinf)
    __aeabi_dsub                             0x00003be9   Thumb Code     0  daddsub_clz.o(x$fpl$dsub)
    _dsub                                    0x00003be9   Thumb Code   464  daddsub_clz.o(x$fpl$dsub)
    _fp_init                                 0x00003dbd   Thumb Code    10  fpinit.o(x$fpl$fpinit)
    __fplib_config_fpu_vfp                   0x00003dc5   Thumb Code     0  fpinit.o(x$fpl$fpinit)
    __fplib_config_pureend_doubles           0x00003dc5   Thumb Code     0  fpinit.o(x$fpl$fpinit)
    __I$use$fp                               0x00003dc6   Number         0  usenofp.o(x$fpl$usenofp)
    Region$$Table$$Base                      0x000041e8   Number         0  anon$$obj.o(Region$$Table)
    Region$$Table$$Limit                     0x00004208   Number         0  anon$$obj.o(Region$$Table)
    sagMotorHizi                             0x20000000   Data           4  robot.o(.data)
    solMotorHizi                             0x20000004   Data           4  robot.o(.data)
    i1                                       0x20000008   Data           1  robot.o(.data)
    le                                       0x20000009   Data           1  robot.o(.data)
    ez                                       0x2000000c   Data           4  robot.o(.data)
    ulPeriod                                 0x20000010   Data           4  robot.o(.data)
    sag_motor                                0x20000014   Data           4  robot.o(.data)
    sol_motor                                0x20000018   Data           4  robot.o(.data)
    i                                        0x2000001c   Data           1  robot.o(.data)
    u                                        0x2000001d   Data           1  robot.o(.data)
    p                                        0x2000001e   Data           1  robot.o(.data)
    run                                      0x2000001f   Data           1  robot.o(.data)
    t                                        0x20000020   Data           4  robot.o(.data)
    t1                                       0x20000024   Data           4  robot.o(.data)
    seri                                     0x20000028   Data           4  robot.o(.data)
    u1                                       0x2000002c   Data           4  robot.o(.data)
    Period                                   0x20000030   Data           4  robot.o(.data)
    say                                      0x20000034   Data           4  robot.o(.data)
    den                                      0x20000038   Data           4  robot.o(.data)
    f11                                      0x2000003c   Data           4  robot.o(.data)
    f22                                      0x20000040   Data           4  robot.o(.data)
    oku_say                                  0x20000044   Data           4  robot.o(.data)
    bol                                      0x20000048   Data           4  robot.o(.data)
    sag_dol                                  0x2000004c   Data           4  robot.o(.data)
    sol_dol                                  0x20000050   Data           4  robot.o(.data)
    sag_bos                                  0x20000054   Data           4  robot.o(.data)
    sol_bos                                  0x20000058   Data           4  robot.o(.data)
    uzak1                                    0x2000005c   Data           4  robot.o(.data)
    top                                      0x20000060   Data           4  robot.o(.data)
    i3                                       0x20000064   Data           4  robot.o(.data)
    ort                                      0x20000068   Data           4  robot.o(.data)
    run1                                     0x2000006c   Data           1  robot.o(.data)
    kont                                     0x2000006d   Data           1  robot.o(.data)
    f1                                       0x20000070   Data           4  robot.o(.data)
    f2                                       0x20000074   Data           4  robot.o(.data)
    fark                                     0x20000078   Data           4  robot.o(.data)
    fark_sag                                 0x2000007c   Data           4  robot.o(.data)
    fark_sol                                 0x20000080   Data           4  robot.o(.data)
    fark_sag1                                0x20000084   Data           4  robot.o(.data)
    uzak                                     0x20000088   Data           4  robot.o(.data)
    pil                                      0x2000008c   Data           4  robot.o(.data)
    mot_oran1                                0x20000090   Data           4  robot.o(.data)
    mot_oran2                                0x20000094   Data           4  robot.o(.data)
    a                                        0x2000066c   Data          10  robot.o(.bss)
    ezber                                    0x20000678   Data        4000  robot.o(.bss)
    ezber1                                   0x20001618   Data        4000  robot.o(.bss)
    uzak2                                    0x200025b8   Data         400  robot.o(.bss)
    ch                                       0x20002748   Data          20  robot.o(.bss)
    ulADC0_Value                             0x2000275c   Data          20  robot.o(.bss)
    ulADC1_Value                             0x20002770   Data          20  robot.o(.bss)
    __libspace_start                         0x20002784   Data          96  libspace.o(.bss)
    __temporary_stack_top$libspace           0x200027e4   Data           0  libspace.o(.bss)



==============================================================================

Memory Map of the image

  Image Entry point : 0x0000026d

  Load Region LR_1 (Base: 0x00000000, Size: 0x00004874, Max: 0xffffffff, ABSOLUTE, COMPRESSED[0x0000421c])

    Execution Region ER_RO (Base: 0x00000000, Size: 0x00004208, Max: 0xffffffff, ABSOLUTE)

    Base Addr    Size         Type   Attr      Idx    E Section Name        Object

    0x00000000   0x00000288   Code   RO            3  * RESET               startup.o
    0x00000288   0x00000008   Code   RO          636  * !!!main             c_w.l(__main.o)
    0x00000290   0x00000034   Code   RO          815    !!!scatter          c_w.l(__scatter.o)
    0x000002c4   0x0000003a   Code   RO          813    !!dczerorl          c_w.l(__dczerorl.o)
    0x000002fe   0x00000002   PAD
    0x00000300   0x0000001c   Code   RO          817    !!handler_zi        c_w.l(__scatter_zi.o)
    0x0000031c   0x00000002   Code   RO          686    .ARM.Collect$$libinit$$00000000  c_w.l(libinit.o)
    0x0000031e   0x00000004   Code   RO          692    .ARM.Collect$$libinit$$00000001  c_w.l(libinit2.o)
    0x00000322   0x00000000   Code   RO          696    .ARM.Collect$$libinit$$00000008  c_w.l(libinit2.o)
    0x00000322   0x00000000   Code   RO          698    .ARM.Collect$$libinit$$0000000A  c_w.l(libinit2.o)
    0x00000322   0x00000000   Code   RO          700    .ARM.Collect$$libinit$$0000000C  c_w.l(libinit2.o)
    0x00000322   0x00000000   Code   RO          703    .ARM.Collect$$libinit$$0000000F  c_w.l(libinit2.o)
    0x00000322   0x00000000   Code   RO          705    .ARM.Collect$$libinit$$00000011  c_w.l(libinit2.o)
    0x00000322   0x00000000   Code   RO          707    .ARM.Collect$$libinit$$00000013  c_w.l(libinit2.o)
    0x00000322   0x00000000   Code   RO          709    .ARM.Collect$$libinit$$00000015  c_w.l(libinit2.o)
    0x00000322   0x00000000   Code   RO          711    .ARM.Collect$$libinit$$00000017  c_w.l(libinit2.o)
    0x00000322   0x00000000   Code   RO          713    .ARM.Collect$$libinit$$00000019  c_w.l(libinit2.o)
    0x00000322   0x00000000   Code   RO          715    .ARM.Collect$$libinit$$0000001B  c_w.l(libinit2.o)
    0x00000322   0x00000000   Code   RO          717    .ARM.Collect$$libinit$$0000001D  c_w.l(libinit2.o)
    0x00000322   0x00000000   Code   RO          719    .ARM.Collect$$libinit$$0000001F  c_w.l(libinit2.o)
    0x00000322   0x00000000   Code   RO          721    .ARM.Collect$$libinit$$00000021  c_w.l(libinit2.o)
    0x00000322   0x00000000   Code   RO          723    .ARM.Collect$$libinit$$00000023  c_w.l(libinit2.o)
    0x00000322   0x00000000   Code   RO          727    .ARM.Collect$$libinit$$0000002A  c_w.l(libinit2.o)
    0x00000322   0x00000000   Code   RO          729    .ARM.Collect$$libinit$$0000002C  c_w.l(libinit2.o)
    0x00000322   0x00000000   Code   RO          731    .ARM.Collect$$libinit$$0000002E  c_w.l(libinit2.o)
    0x00000322   0x00000000   Code   RO          733    .ARM.Collect$$libinit$$00000030  c_w.l(libinit2.o)
    0x00000322   0x00000002   Code   RO          734    .ARM.Collect$$libinit$$00000031  c_w.l(libinit2.o)
    0x00000324   0x00000002   Code   RO          754    .ARM.Collect$$libshutdown$$00000000  c_w.l(libshutdown.o)
    0x00000326   0x00000000   Code   RO          768    .ARM.Collect$$libshutdown$$00000003  c_w.l(libshutdown2.o)
    0x00000326   0x00000000   Code   RO          771    .ARM.Collect$$libshutdown$$00000006  c_w.l(libshutdown2.o)
    0x00000326   0x00000000   Code   RO          774    .ARM.Collect$$libshutdown$$00000009  c_w.l(libshutdown2.o)
    0x00000326   0x00000000   Code   RO          776    .ARM.Collect$$libshutdown$$0000000B  c_w.l(libshutdown2.o)
    0x00000326   0x00000000   Code   RO          779    .ARM.Collect$$libshutdown$$0000000E  c_w.l(libshutdown2.o)
    0x00000326   0x00000002   Code   RO          780    .ARM.Collect$$libshutdown$$0000000F  c_w.l(libshutdown2.o)
    0x00000328   0x00000000   Code   RO          656    .ARM.Collect$$rtentry$$00000000  c_w.l(rtentry.o)
    0x00000328   0x00000000   Code   RO          663    .ARM.Collect$$rtentry$$00000002  c_w.l(rtentry2.o)
    0x00000328   0x00000006   Code   RO          675    .ARM.Collect$$rtentry$$00000004  c_w.l(rtentry4.o)
    0x0000032e   0x00000000   Code   RO          665    .ARM.Collect$$rtentry$$00000009  c_w.l(rtentry2.o)
    0x0000032e   0x00000004   Code   RO          666    .ARM.Collect$$rtentry$$0000000A  c_w.l(rtentry2.o)
    0x00000332   0x00000000   Code   RO          668    .ARM.Collect$$rtentry$$0000000C  c_w.l(rtentry2.o)
    0x00000332   0x00000008   Code   RO          669    .ARM.Collect$$rtentry$$0000000D  c_w.l(rtentry2.o)
    0x0000033a   0x00000002   Code   RO          690    .ARM.Collect$$rtexit$$00000000  c_w.l(rtexit.o)
    0x0000033c   0x00000000   Code   RO          736    .ARM.Collect$$rtexit$$00000002  c_w.l(rtexit2.o)
    0x0000033c   0x00000004   Code   RO          737    .ARM.Collect$$rtexit$$00000003  c_w.l(rtexit2.o)
    0x00000340   0x00000006   Code   RO          738    .ARM.Collect$$rtexit$$00000004  c_w.l(rtexit2.o)
    0x00000346   0x00000002   PAD
    0x00000348   0x00000026   Code   RO          143    .emb_text           cpu.o
    0x0000036e   0x00000002   PAD
    0x00000370   0x00000006   Code   RO          463    .emb_text           sysctl.o
    0x00000376   0x00000002   PAD
    0x00000378   0x00000018   Code   RO            4    .text               startup.o
    0x00000390   0x0000109c   Code   RO           11    .text               robot.o
    0x0000142c   0x00000338   Code   RO           76    .text               adc.o
    0x00001764   0x000007e0   Code   RO          266    .text               gpio.o
    0x00001f44   0x00000314   Code   RO          341    .text               interrupt.o
    0x00002258   0x00000ba0   Code   RO          464    .text               sysctl.o
    0x00002df8   0x000002cc   Code   RO          513    .text               timer.o
    0x000030c4   0x00000308   Code   RO          533    .text               uart.o
    0x000033cc   0x000003ac   Code   RO          607    .text               uartstdio.o
    0x00003778   0x00000006   Code   RO          634    .text               c_w.l(heapauxi.o)
    0x0000377e   0x0000004a   Code   RO          677    .text               c_w.l(sys_stackheap_outer.o)
    0x000037c8   0x0000000c   Code   RO          679    .text               c_w.l(exit.o)
    0x000037d4   0x00000008   Code   RO          687    .text               c_w.l(libspace.o)
    0x000037dc   0x0000000c   Code   RO          746    .text               c_w.l(sys_exit.o)
    0x000037e8   0x00000002   Code   RO          757    .text               c_w.l(use_no_semi.o)
    0x000037ea   0x00000000   Code   RO          759    .text               c_w.l(indicate_semi.o)
    0x000037ea   0x00000002   PAD
    0x000037ec   0x00000150   Code   RO          638    x$fpl$dadd          fz_wm.l(daddsub_clz.o)
    0x0000393c   0x0000005a   Code   RO          644    x$fpl$dfixu         fz_wm.l(dfixu.o)
    0x00003996   0x0000002e   Code   RO          649    x$fpl$dflt          fz_wm.l(dflt_clz.o)
    0x000039c4   0x00000026   Code   RO          648    x$fpl$dfltu         fz_wm.l(dflt_clz.o)
    0x000039ea   0x00000002   PAD
    0x000039ec   0x00000154   Code   RO          654    x$fpl$dmul          fz_wm.l(dmul.o)
    0x00003b40   0x0000009c   Code   RO          657    x$fpl$dnaninf       fz_wm.l(dnaninf.o)
    0x00003bdc   0x0000000c   Code   RO          659    x$fpl$dretinf       fz_wm.l(dretinf.o)
    0x00003be8   0x000001d4   Code   RO          640    x$fpl$dsub          fz_wm.l(daddsub_clz.o)
    0x00003dbc   0x0000000a   Code   RO          744    x$fpl$fpinit        fz_wm.l(fpinit.o)
    0x00003dc6   0x00000000   Code   RO          661    x$fpl$usenofp       fz_wm.l(usenofp.o)
    0x00003dc6   0x00000002   PAD
    0x00003dc8   0x00000078   Data   RO          267    .constdata          gpio.o
    0x00003e40   0x0000010c   Data   RO          342    .constdata          interrupt.o
    0x00003f4c   0x000001cc   Data   RO          465    .constdata          sysctl.o
    0x00004118   0x00000060   Data   RO          514    .constdata          timer.o
    0x00004178   0x00000040   Data   RO          534    .constdata          uart.o
    0x000041b8   0x0000001c   Data   RO          608    .constdata          uartstdio.o
    0x000041d4   0x00000011   Data   RO          609    .conststring        uartstdio.o
    0x000041e5   0x00000003   PAD
    0x000041e8   0x00000020   Data   RO          811    Region$$Table       anon$$obj.o


    Execution Region ER_RW (Base: 0x20000000, Size: 0x0000066c, Max: 0xffffffff, ABSOLUTE, COMPRESSED[0x00000014])

    Base Addr    Size         Type   Attr      Idx    E Section Name        Object

    0x20000000   0x00000098   Data   RW           13    .data               robot.o
    0x20000098   0x00000003   Data   RW           77    .data               adc.o
    0x2000009b   0x00000001   PAD
    0x2000009c   0x00000005   Data   RW          610    .data               uartstdio.o
    0x200000a1   0x0000035f   PAD
    0x20000400   0x0000026c   Data   RW          343    vtable              interrupt.o


    Execution Region ER_ZI (Base: 0x2000066c, Size: 0x0000227c, Max: 0xffffffff, ABSOLUTE)

    Base Addr    Size         Type   Attr      Idx    E Section Name        Object

    0x2000066c   0x00002118   Zero   RW           12    .bss                robot.o
    0x20002784   0x00000060   Zero   RW          688    .bss                c_w.l(libspace.o)
    0x200027e4   0x00000004   PAD
    0x200027e8   0x00000000   Zero   RW            2    HEAP                startup.o
    0x200027e8   0x00000100   Zero   RW            1    STACK               startup.o


==============================================================================

Image component sizes


      Code (inc. data)   RO Data    RW Data    ZI Data      Debug   Object Name

       824          8          0          3          0       9095   adc.o
        38          0          0          0          0        520   cpu.o
      2016         58        120          0          0      10761   gpio.o
       788         40        268        620          0       4129   interrupt.o
      4252        484          0        152       8472      11977   robot.o
       672        636          0          0        256        340   startup.o
      2982        188        460          0          0      11708   sysctl.o
       716          4         96          0          0       8095   timer.o
       776          6         64          0          0       9900   uart.o
       940         40         45          5          0       3963   uartstdio.o

    ----------------------------------------------------------------------
     14008       1464       1088       1644       8728      70488   Object Totals
         0          0         32          0          0          0   (incl. Generated)
         4          0          3        864          0          0   (incl. Padding)

    ----------------------------------------------------------------------

      Code (inc. data)   RO Data    RW Data    ZI Data      Debug   Library Member Name

        58          0          0          0          0          0   __dczerorl.o
         8          0          0          0          0         68   __main.o
        52          8          0          0          0          0   __scatter.o
        28          0          0          0          0          0   __scatter_zi.o
        12          0          0          0          0         72   exit.o
         6          0          0          0          0        152   heapauxi.o
         0          0          0          0          0          0   indicate_semi.o
         2          0          0          0          0          0   libinit.o
         6          0          0          0          0          0   libinit2.o
         2          0          0          0          0          0   libshutdown.o
         2          0          0          0          0          0   libshutdown2.o
         8          4          0          0         96         68   libspace.o
         0          0          0          0          0          0   rtentry.o
        12          0          0          0          0          0   rtentry2.o
         6          0          0          0          0          0   rtentry4.o
         2          0          0          0          0          0   rtexit.o
        10          0          0          0          0          0   rtexit2.o
        12          4          0          0          0         68   sys_exit.o
        74          0          0          0          0         80   sys_stackheap_outer.o
         2          0          0          0          0         68   use_no_semi.o
       804         16          0          0          0        376   daddsub_clz.o
        90          4          0          0          0        140   dfixu.o
        84          0          0          0          0        232   dflt_clz.o
       340         12          0          0          0        152   dmul.o
       156          4          0          0          0        140   dnaninf.o
        12          0          0          0          0        116   dretinf.o
        10          0          0          0          0        116   fpinit.o
         0          0          0          0          0          0   usenofp.o

    ----------------------------------------------------------------------
      1808         52          0          0        100       1848   Library Totals
        10          0          0          0          4          0   (incl. Padding)

    ----------------------------------------------------------------------

      Code (inc. data)   RO Data    RW Data    ZI Data      Debug   Library Name

       302         16          0          0         96        576   c_w.l
      1496         36          0          0          0       1272   fz_wm.l

    ----------------------------------------------------------------------
      1808         52          0          0        100       1848   Library Totals

    ----------------------------------------------------------------------

==============================================================================


      Code (inc. data)   RO Data    RW Data    ZI Data      Debug   

     15816       1516       1088       1644       8828      68876   Grand Totals
     15816       1516       1088         20       8828      68876   ELF Image Totals (compressed)
     15816       1516       1088         20          0          0   ROM Totals

==============================================================================

    Total RO  Size (Code + RO Data)                16904 (  16.51kB)
    Total RW  Size (RW Data + ZI Data)             10472 (  10.23kB)
    Total ROM Size (Code + RO Data + RW Data)      16924 (  16.53kB)

==============================================================================

